Microchip MPLAB XC8 Compiler V2.40

Linker command line:

-W-3 --edf=/opt/microchip/xc8/v2.40/pic/dat/20220703182018_en.msgs -cn \
  -h+dist/default/production/TP1_BUS.X.production.sym \
  --cmf=dist/default/production/TP1_BUS.X.production.cmf -z -Q18F87K22 \
  -o/tmp/xcXHoFEib --defsym=__MPLAB_BUILD=1 --fixupoverflow=error \
  -Mdist/default/production/TP1_BUS.X.production.map \
  --md=/tmp/xcXCLBPom.dat -E1 -ver=XC8 Compiler --acfsm=1493 \
  -ACODE=00h-01FFFFh -ACONST=00h-01FFFFh -ASMALLCONST=01000h-010FFhx496 \
  -AMEDIUMCONST=01000h-0FFFFh,011000h-01FFFFh -AFARRAM=020000h-01FFFFFh \
  -ACOMRAM=01h-05Fh -AABS1=00h-0F15h -ABIGRAM=01h-0F15h \
  -ARAM=060h-0FFh,0100h-01FFhx14,0F00h-0F15h -ABANK0=060h-0FFh \
  -ABANK1=0100h-01FFh -ABANK2=0200h-02FFh -ABANK3=0300h-03FFh \
  -ABANK4=0400h-04FFh -ABANK5=0500h-05FFh -ABANK6=0600h-06FFh \
  -ABANK7=0700h-07FFh -ABANK8=0800h-08FFh -ABANK9=0900h-09FFh \
  -ABANK10=0A00h-0AFFh -ABANK11=0B00h-0BFFh -ABANK12=0C00h-0CFFh \
  -ABANK13=0D00h-0DFFh -ABANK14=0E00h-0EFFh -ABANK15=0F00h-0F15h \
  -ASFR=0F16h-0F5Fh,0F60h-0FFFh -ABIGSFR=0F16h-0FFFh \
  -ACONFIG=0300000h-030000Dh -AIDLOC=0200000h-0200007h \
  -AEEDATA=0F00000h-0F003FFh -peeprom_data=EEDATA \
  -preset_vec=00h,intcode,intcodelo,powerup,init -pramtop=01000h \
  -psmallconst=SMALLCONST -pmediumconst=MEDIUMCONST -pconst=CONST \
  -prdata=COMRAM,nvrram=COMRAM,nvbit=COMRAM,rbss=COMRAM,rbit=COMRAM \
  -pfarbss=FARRAM,fardata=FARRAM,nvFARRAM=FARRAM \
  -pintsave_regs=BIGRAM,bigbss=BIGRAM,bigdata=BIGRAM -pbss=RAM \
  -pidata=CODE,irdata=CODE,ibigdata=CODE,ifardata=CODE -prparam=COMRAM \
  /tmp/xcXCKgGLb.o dist/default/production/TP1_BUS.X.production.o 

Object code version is 3.11

Machine type is 18F87K22



                Name                               Link     Load   Length Selector   Space Scale
/tmp/xcXCKgGLb.o
                idloc                            200000   200000        8        0       5
                config                           300000   300000        E        0       4
                init                                  0        0        4        0       0
dist/default/production/TP1_BUS.X.production.o
                idloc                            200000   200000        8        0       5
                config                           300000   300000        E        0       4
                smallconst                         1000     1000        6      800       0
                text19                             172E     172E       2C      803       0
                text18                             16D4     16D4       2E      803       0
                text17                             144C     144C       76      803       0
                text16                             1798     1798       1A      803       0
                text15                             177E     177E       1A      803       0
                text14                             15D8     15D8       4E      803       0
                text13                             14C2     14C2       6E      803       0
                text12                             169A     169A       3A      803       0
                text11                             1660     1660       3A      803       0
                text10                             1586     1586       52      803       0
                text9                              1530     1530       56      803       0
                text8                              13D4     13D4       78      803       0
                text7                              1626     1626       3A      803       0
                text6                              175A     175A       24      803       0
                text5                              1006     1006       E2      803       0
                text4                              1702     1702       2C      803       0
                text3                              11BA     11BA       C4      803       0
                text2                              127E     127E       B0      803       0
                text1                              10E8     10E8       D2      803       0
                text0                              132E     132E       A6      803       0
                cstackCOMRAM                          1        1       12        1       1
                cinit                              17B2     17B2        6      803       0

TOTAL           Name                               Link     Load   Length     Space
        CLASS   CODE           
                init                                  0        0        4         0
                text19                             172E     172E       2C         0
                text18                             16D4     16D4       2E         0
                text17                             144C     144C       76         0
                text16                             1798     1798       1A         0
                text15                             177E     177E       1A         0
                text14                             15D8     15D8       4E         0
                text13                             14C2     14C2       6E         0
                text12                             169A     169A       3A         0
                text11                             1660     1660       3A         0
                text10                             1586     1586       52         0
                text9                              1530     1530       56         0
                text8                              13D4     13D4       78         0
                text7                              1626     1626       3A         0
                text6                              175A     175A       24         0
                text5                              1006     1006       E2         0
                text4                              1702     1702       2C         0
                text3                              11BA     11BA       C4         0
                text2                              127E     127E       B0         0
                text1                              10E8     10E8       D2         0
                text0                              132E     132E       A6         0
                cinit                              17B2     17B2        6         0

        CLASS   CONST          

        CLASS   SMALLCONST     
                smallconst                         1000     1000        6         0

        CLASS   MEDIUMCONST    

        CLASS   FARRAM         

        CLASS   COMRAM         
                cstackCOMRAM                          1        1       12         1

        CLASS   ABS1           

        CLASS   BIGRAM         

        CLASS   RAM            

        CLASS   BANK0          

        CLASS   BANK1          

        CLASS   BANK2          

        CLASS   BANK3          

        CLASS   BANK4          

        CLASS   BANK5          

        CLASS   BANK6          

        CLASS   BANK7          

        CLASS   BANK8          

        CLASS   BANK9          

        CLASS   BANK10         

        CLASS   BANK11         

        CLASS   BANK12         

        CLASS   BANK13         

        CLASS   BANK14         

        CLASS   BANK15         

        CLASS   SFR            

        CLASS   BIGSFR         

        CLASS   CONFIG         
                config                           300000   300000        E         4

        CLASS   IDLOC          
                idloc                            200000   200000        8         5

        CLASS   EEDATA         

        CLASS   HEAP           

        CLASS   STACK          



SEGMENTS        Name                           Load    Length   Top    Selector   Space  Class

                reset_vec                      000000  000004  000004         0       0  CODE    
                text5                          001006  0007B2  0017B8       803       0  CODE    
                cstackCOMRAM                   000001  000012  000013         1       1  COMRAM  
                smallconst                     001000  000006  001006       800       0  SMALLCON


UNUSED ADDRESS RANGES

        Name                Unused          Largest block    Delta
        BANK0            000060-0000FF               A0
        BANK1            000100-0001FF              100
        BANK10           000A00-000AFF              100
        BANK11           000B00-000BFF              100
        BANK12           000C00-000CFF              100
        BANK13           000D00-000DFF              100
        BANK14           000E00-000EFF              100
        BANK15           000F00-000F15               16
        BANK2            000200-0002FF              100
        BANK3            000300-0003FF              100
        BANK4            000400-0004FF              100
        BANK5            000500-0005FF              100
        BANK6            000600-0006FF              100
        BANK7            000700-0007FF              100
        BANK8            000800-0008FF              100
        BANK9            000900-0009FF              100
        BIGRAM           000013-000F15              F03
        BIGSFR           000F16-000FFF               EA
        CODE             000004-000FFF              FFC
                         0017B8-01FFFF            1E848
        COMRAM           000013-00005F               4D
        CONST            000004-000FFF              FFC
                         0017B8-01FFFF            1E848
        EEDATA           F00000-F003FF              400
        FARRAM           020000-1FFFFF           1E0000
        MEDIUMCONST      0017B8-00FFFF             E848
                         011000-01FFFF             F000
        RAM              000060-000F15              100
        SFR              000F16-000FFF               4A
        SMALLCONST       0017B8-01FFFF              100

                                  Symbol Table

?___awdiv                            cstackCOMRAM 000001
?___awmod                            cstackCOMRAM 000001
_ANCON0                              (abs)        000F25
_ANCON1                              (abs)        000F24
_ANCON2                              (abs)        000F23
_BAUDCON1                            (abs)        000F65
_BAUDCON2                            (abs)        000F20
_INTCON2bits                         (abs)        000FF1
_LATCbits                            (abs)        000F8B
_LATFbits                            (abs)        000F8E
_LATGbits                            (abs)        000F8F
_LATH                                (abs)        000F90
_LATJ                                (abs)        000F91
_LATJbits                            (abs)        000F91
_MEMCON                              (abs)        000F26
_PADCFG1bits                         (abs)        000F53
_PIR2bits                            (abs)        000FA1
_PORTH                               (abs)        000F87
_RC1IF                               (abs)        007CF5
_RCREG1                              (abs)        000FAE
_RCREG2                              (abs)        000F1D
_RCSTA1                              (abs)        000FAB
_RCSTA2                              (abs)        000F22
_SPBRG1                              (abs)        000FAF
_SPBRG2                              (abs)        000F1E
_SPBRGH1                             (abs)        000FD4
_SPBRGH2                             (abs)        000F1F
_SSP2CON1                            (abs)        000F67
_SSP2CON1bits                        (abs)        000F67
_SSP2STAT                            (abs)        000F68
_TRISAbits                           (abs)        000F92
_TRISCbits                           (abs)        000F94
_TRISDbits                           (abs)        000F95
_TRISFbits                           (abs)        000F97
_TRISGbits                           (abs)        000F98
_TRISH                               (abs)        000F99
_TRISJ                               (abs)        000F9A
_TX1IF                               (abs)        007CF4
_TX2IF                               (abs)        007D24
_TXREG1                              (abs)        000FAD
_TXREG2                              (abs)        000F1C
_TXSTA1                              (abs)        000FAC
_TXSTA2                              (abs)        000F21
_UART_init                           text19       00172E
__HRAM                               (abs)        000000
__Habs1                              abs1         000000
__Hbank0                             bank0        000000
__Hbank1                             bank1        000000
__Hbank10                            bank10       000000
__Hbank11                            bank11       000000
__Hbank12                            bank12       000000
__Hbank13                            bank13       000000
__Hbank14                            bank14       000000
__Hbank15                            bank15       000000
__Hbank2                             bank2        000000
__Hbank3                             bank3        000000
__Hbank4                             bank4        000000
__Hbank5                             bank5        000000
__Hbank6                             bank6        000000
__Hbank7                             bank7        000000
__Hbank8                             bank8        000000
__Hbank9                             bank9        000000
__Hbigbss                            bigbss       000000
__Hbigdata                           bigdata      000000
__Hbigram                            bigram       000000
__Hbigsfr                            bigsfr       000000
__Hbss                               bss          000000
__Hcinit                             cinit        000000
__Hclrtext                           clrtext      000000
__Hcomram                            comram       000000
__Hconfig                            config       30000E
__Hconst                             const        000000
__HcstackCOMRAM                      cstackCOMRAM 000000
__Hdata                              data         000000
__Heeprom_data                       eeprom_data  000000
__Hfarbss                            farbss       000000
__Hfardata                           fardata      000000
__Hheap                              heap         000000
__Hibigdata                          ibigdata     000000
__Hidata                             idata        000000
__Hidloc                             idloc        200008
__Hifardata                          ifardata     000000
__Hinit                              init         000004
__Hintcode                           intcode      000000
__Hintcode_body                      intcode_body 000000
__Hintcodelo                         intcodelo    000000
__Hintentry                          intentry     000000
__Hintret                            intret       000000
__Hintsave_regs                      intsave_regs 000000
__Hirdata                            irdata       000000
__Hmediumconst                       mediumconst  000000
__HnvFARRAM                          nvFARRAM     000000
__Hnvbit                             nvbit        000000
__Hnvrram                            nvrram       000000
__Hparam                             rparam       000000
__Hpowerup                           powerup      000000
__Hram                               ram          000000
__Hramtop                            ramtop       001000
__Hrbit                              rbit         000000
__Hrbss                              rbss         000000
__Hrdata                             rdata        000000
__Hreset_vec                         reset_vec    000000
__Hrparam                            rparam       000000
__Hsfr                               sfr          000000
__Hsmallconst                        smallconst   001006
__Hspace_0                           (abs)        0017B8
__Hspace_1                           (abs)        000013
__Hspace_2                           (abs)        000000
__Hspace_4                           (abs)        60000E
__Hstack                             stack        000000
__Hstruct                            struct       000000
__Htemp                              temp         000000
__Htext                              text         000000
__Htext0                             text0        000000
__Htext1                             text1        000000
__Htext10                            text10       000000
__Htext11                            text11       000000
__Htext12                            text12       000000
__Htext13                            text13       000000
__Htext14                            text14       000000
__Htext15                            text15       000000
__Htext16                            text16       000000
__Htext17                            text17       000000
__Htext18                            text18       000000
__Htext19                            text19       000000
__Htext2                             text2        000000
__Htext3                             text3        000000
__Htext4                             text4        000000
__Htext5                             text5        000000
__Htext6                             text6        000000
__Htext7                             text7        000000
__Htext8                             text8        000000
__Htext9                             text9        000000
__LRAM                               (abs)        000001
__Labs1                              abs1         000000
__Lbank0                             bank0        000000
__Lbank1                             bank1        000000
__Lbank10                            bank10       000000
__Lbank11                            bank11       000000
__Lbank12                            bank12       000000
__Lbank13                            bank13       000000
__Lbank14                            bank14       000000
__Lbank15                            bank15       000000
__Lbank2                             bank2        000000
__Lbank3                             bank3        000000
__Lbank4                             bank4        000000
__Lbank5                             bank5        000000
__Lbank6                             bank6        000000
__Lbank7                             bank7        000000
__Lbank8                             bank8        000000
__Lbank9                             bank9        000000
__Lbigbss                            bigbss       000000
__Lbigdata                           bigdata      000000
__Lbigram                            bigram       000000
__Lbigsfr                            bigsfr       000000
__Lbss                               bss          000000
__Lcinit                             cinit        000000
__Lclrtext                           clrtext      000000
__Lcomram                            comram       000000
__Lconfig                            config       000000
__Lconst                             const        000000
__LcstackCOMRAM                      cstackCOMRAM 000000
__Ldata                              data         000000
__Leeprom_data                       eeprom_data  000000
__Lfarbss                            farbss       000000
__Lfardata                           fardata      000000
__Lheap                              heap         000000
__Libigdata                          ibigdata     000000
__Lidata                             idata        000000
__Lidloc                             idloc        000000
__Lifardata                          ifardata     000000
__Linit                              init         000000
__Lintcode                           intcode      000000
__Lintcode_body                      intcode_body 000000
__Lintcodelo                         intcodelo    000000
__Lintentry                          intentry     000000
__Lintret                            intret       000000
__Lintsave_regs                      intsave_regs 000000
__Lirdata                            irdata       000000
__Lmediumconst                       mediumconst  000000
__LnvFARRAM                          nvFARRAM     000000
__Lnvbit                             nvbit        000000
__Lnvrram                            nvrram       000000
__Lparam                             rparam       000000
__Lpowerup                           powerup      000000
__Lram                               ram          000000
__Lramtop                            ramtop       001000
__Lrbit                              rbit         000000
__Lrbss                              rbss         000000
__Lrdata                             rdata        000000
__Lreset_vec                         reset_vec    000000
__Lrparam                            rparam       000000
__Lsfr                               sfr          000000
__Lsmallconst                        smallconst   001000
__Lspace_0                           (abs)        000000
__Lspace_1                           (abs)        000000
__Lspace_2                           (abs)        000000
__Lspace_4                           (abs)        000000
__Lstack                             stack        000000
__Lstruct                            struct       000000
__Ltemp                              temp         000000
__Ltext                              text         000000
__Ltext0                             text0        000000
__Ltext1                             text1        000000
__Ltext10                            text10       000000
__Ltext11                            text11       000000
__Ltext12                            text12       000000
__Ltext13                            text13       000000
__Ltext14                            text14       000000
__Ltext15                            text15       000000
__Ltext16                            text16       000000
__Ltext17                            text17       000000
__Ltext18                            text18       000000
__Ltext19                            text19       000000
__Ltext2                             text2        000000
__Ltext3                             text3        000000
__Ltext4                             text4        000000
__Ltext5                             text5        000000
__Ltext6                             text6        000000
__Ltext7                             text7        000000
__Ltext8                             text8        000000
__Ltext9                             text9        000000
__S0                                 (abs)        0017B8
__S1                                 (abs)        000013
__S4                                 (abs)        000000
__S5                                 (abs)        000000
___awdiv                             text3        0011BA
___awdiv@counter                     cstackCOMRAM 000005
___awdiv@dividend                    cstackCOMRAM 000001
___awdiv@divisor                     cstackCOMRAM 000003
___awdiv@quotient                    cstackCOMRAM 000007
___awdiv@sign                        cstackCOMRAM 000006
___awmod                             text2        00127E
___awmod@counter                     cstackCOMRAM 000005
___awmod@dividend                    cstackCOMRAM 000001
___awmod@divisor                     cstackCOMRAM 000003
___awmod@sign                        cstackCOMRAM 000006
___extmem_base                       (abs)        020000
___heap_hi                           (abs)        000000
___heap_lo                           (abs)        000000
___inthi_sp                          stack        000000
___intlo_sp                          stack        000000
___param_bank                        (abs)        000000
___rparam_used                       (abs)        000001
___sp                                stack        000000
__accesstop                          (abs)        000060
__activetblptr                       (abs)        000003
__end_of_UART_init                   text19       00175A
__end_of___awdiv                     text3        00127E
__end_of___awmod                     text2        00132E
__end_of__initialization             cinit        0017B2
__end_of_check_status_ok             text7        001660
__end_of_clear_graphics              text12       0016D4
__end_of_clear_text                  text11       00169A
__end_of_command                     text6        00177E
__end_of_d1command                   text14       001626
__end_of_d2command                   text13       001530
__end_of_delai_us_char               text18       001702
__end_of_draw_char                   text10       0015D8
__end_of_draw_string                 text9        001586
__end_of_goto_lico                   text8        00144C
__end_of_initialisation_afficheur    text5        0010E8
__end_of_initialisation_des_ports    text4        00172E
__end_of_main                        text0        0013D4
__end_of_plot1                       text1        0011BA
__end_of_wait_status_ok              text17       0014C2
__end_of_write_c_aff                 text16       0017B2
__end_of_write_d_aff                 text15       001798
__initialization                     cinit        0017B2
__mediumconst                        mediumconst  000000
__pcinit                             cinit        0017B2
__pcstackCOMRAM                      cstackCOMRAM 000001
__psmallconst                        smallconst   001000
__ptext0                             text0        00132E
__ptext1                             text1        0010E8
__ptext10                            text10       001586
__ptext11                            text11       001660
__ptext12                            text12       00169A
__ptext13                            text13       0014C2
__ptext14                            text14       0015D8
__ptext15                            text15       00177E
__ptext16                            text16       001798
__ptext17                            text17       00144C
__ptext18                            text18       0016D4
__ptext19                            text19       00172E
__ptext2                             text2        00127E
__ptext3                             text3        0011BA
__ptext4                             text4        001702
__ptext5                             text5        001006
__ptext6                             text6        00175A
__ptext7                             text7        001626
__ptext8                             text8        0013D4
__ptext9                             text9        001530
__ramtop                             ramtop       001000
__smallconst                         smallconst   001000
_check_status_ok                     text7        001626
_clear_graphics                      text12       00169A
_clear_text                          text11       001660
_command                             text6        00175A
_d1command                           text14       0015D8
_d2command                           text13       0014C2
_delai_us_char                       text18       0016D4
_draw_char                           text10       001586
_draw_string                         text9        001530
_goto_lico                           text8        0013D4
_initialisation_afficheur            text5        001006
_initialisation_des_ports            text4        001702
_main                                text0        00132E
_plot1                               text1        0010E8
_wait_status_ok                      text17       00144C
_write_c_aff                         text16       001798
_write_d_aff                         text15       00177E
check_status_ok@res                  cstackCOMRAM 000001
clear_graphics@add                   cstackCOMRAM 000009
clear_text@add                       cstackCOMRAM 000009
command@cmd                          cstackCOMRAM 000005
d1command@cmd                        cstackCOMRAM 000005
d1command@d1                         cstackCOMRAM 000006
d1command@res                        cstackCOMRAM 000007
d2command@cmd                        cstackCOMRAM 000006
d2command@d1                         cstackCOMRAM 000007
d2command@d2                         cstackCOMRAM 000005
d2command@res                        cstackCOMRAM 000008
delai_us_char@ucdelai                cstackCOMRAM 000001
draw_char@dccar                      cstackCOMRAM 000008
draw_string@tableau                  cstackCOMRAM 000008
end_of_initialization                cinit        0017B2
goto_lico@adr                        cstackCOMRAM 00000D
goto_lico@colonne                    cstackCOMRAM 000009
goto_lico@ligne                      cstackCOMRAM 00000C
initialisation_afficheur@error_count cstackCOMRAM 000009
intlevel0                            text         000000
intlevel1                            text         000000
intlevel2                            text         000000
intlevel3                            text         000000
isa$std                              (abs)        000001
isa$xinst                            (abs)        000000
main@i                               cstackCOMRAM 000011
main@j                               cstackCOMRAM 00000F
plot1@add                            cstackCOMRAM 00000C
plot1@x                              cstackCOMRAM 00000E
plot1@y                              cstackCOMRAM 000009
stackhi                              (abs)        000000
stacklo                              (abs)        000000
start                                init         000000
start_initialization                 cinit        0017B2
wait_status_ok@err                   cstackCOMRAM 000002
wait_status_ok@res                   cstackCOMRAM 000004
wait_status_ok@status                cstackCOMRAM 000003
write_c_aff@command                  cstackCOMRAM 000001
write_d_aff@data                     cstackCOMRAM 000001


MODULE INFORMATION

Module		Function		Class		Link	Load	Size
UART.c
		_UART_init     		CODE           	172E	0000	44

UART.c estimated size: 44

afficheur.c
		_d2command     		CODE           	14C2	0000	110
		_write_d_aff   		CODE           	177E	0000	26
		_clear_text    		CODE           	1660	0000	58
		_initialisation_afficheur		CODE           	1006	0000	226
		_write_c_aff   		CODE           	1798	0000	26
		_clear_graphics		CODE           	169A	0000	58
		_delai_us_char 		CODE           	16D4	0000	46
		_draw_string   		CODE           	1530	0000	86
		_plot1         		CODE           	10E8	0000	210
		_goto_lico     		CODE           	13D4	0000	120
		_command       		CODE           	175A	0000	36
		_wait_status_ok		CODE           	144C	0000	118
		_draw_char     		CODE           	1586	0000	82
		_d1command     		CODE           	15D8	0000	78
		_check_status_ok		CODE           	1626	0000	58

afficheur.c estimated size: 1338

/opt/microchip/xc8/v2.40/pic/sources/c99/common/awdiv.c
		___awdiv       		CODE           	11BA	0000	196

/opt/microchip/xc8/v2.40/pic/sources/c99/common/awdiv.c estimated size: 196

shared
		__initialization		CODE           	17B2	0000	1

shared estimated size: 1

main.c
		_initialisation_des_ports		CODE           	1702	0000	44
		_main          		CODE           	132E	0000	166

main.c estimated size: 210

/opt/microchip/xc8/v2.40/pic/sources/c99/common/awmod.c
		___awmod       		CODE           	127E	0000	176

/opt/microchip/xc8/v2.40/pic/sources/c99/common/awmod.c estimated size: 176

