Microchip MPLAB XC8 Compiler V2.40

Linker command line:

-W-3 --edf=/opt/microchip/xc8/v2.40/pic/dat/20220703182018_en.msgs -cn \
  -h+dist/default/production/ReseauTerrain_TP2.X.production.sym \
  --cmf=dist/default/production/ReseauTerrain_TP2.X.production.cmf -z \
  -Q18F87K22 -o/tmp/xcXiKKONH --defsym=__MPLAB_BUILD=1 \
  --fixupoverflow=error \
  -Mdist/default/production/ReseauTerrain_TP2.X.production.map \
  --md=/tmp/xcXBdFoJC.dat -E1 -ver=XC8 Compiler --acfsm=1493 \
  -ACODE=00h-01FFFFh -ACONST=00h-01FFFFh -ASMALLCONST=01000h-010FFhx496 \
  -AMEDIUMCONST=01000h-0FFFFh,011000h-01FFFFh -ACOMRAM=01h-05Fh \
  -AABS1=00h-0F15h -ABIGRAM=01h-0F15h \
  -ARAM=060h-0FFh,0100h-01FFhx14,0F00h-0F15h -ABANK0=060h-0FFh \
  -ABANK1=0100h-01FFh -ABANK2=0200h-02FFh -ABANK3=0300h-03FFh \
  -ABANK4=0400h-04FFh -ABANK5=0500h-05FFh -ABANK6=0600h-06FFh \
  -ABANK7=0700h-07FFh -ABANK8=0800h-08FFh -ABANK9=0900h-09FFh \
  -ABANK10=0A00h-0AFFh -ABANK11=0B00h-0BFFh -ABANK12=0C00h-0CFFh \
  -ABANK13=0D00h-0DFFh -ABANK14=0E00h-0EFFh -ABANK15=0F00h-0F15h \
  -ASFR=0F16h-0F5Fh,0F60h-0FFFh -ABIGSFR=0F16h-0FFFh \
  -ACONFIG=0300000h-030000Dh -AIDLOC=0200000h-0200007h \
  -AEEDATA=0F00000h-0F003FFh -peeprom_data=EEDATA \
  -preset_vec=00h,intcode,intcodelo,powerup,init -pramtop=01000h \
  -psmallconst=SMALLCONST -pmediumconst=MEDIUMCONST -pconst=CONST \
  -AFARRAM=00h-00h \
  -prdata=COMRAM,nvrram=COMRAM,nvbit=COMRAM,rbss=COMRAM,rbit=COMRAM \
  -pfarbss=FARRAM,fardata=FARRAM,nvFARRAM=FARRAM \
  -pintsave_regs=BIGRAM,bigbss=BIGRAM,bigdata=BIGRAM -pbss=RAM \
  -pidata=CODE,irdata=CODE,ibigdata=CODE,ifardata=CODE -prparam=COMRAM \
  /tmp/xcXOAgENm.o dist/default/production/ReseauTerrain_TP2.X.production.o 

Object code version is 3.11

Machine type is 18F87K22



                Name                               Link     Load   Length Selector   Space Scale
/tmp/xcXOAgENm.o
                idloc                            200000   200000        8        0       5
                config                           300000   300000        E        0       4
                init                                  0        0        4        0       0
dist/default/production/ReseauTerrain_TP2.X.production.o
                idloc                            200000   200000        8        0       5
                config                           300000   300000        E        0       4
                smallconst                         1000     1000        E      800       0
                text19                             167A     167A       1C      807       0
                text18                             10F0     10F0       A2      807       0
                text17                             122A     122A       8C      807       0
                text16                             15FC     15FC       2E      807       0
                text15                             132E     132E       76      807       0
                text14                             16B0     16B0       1A      807       0
                text13                             1696     1696       1A      807       0
                text12                             14BA     14BA       4E      807       0
                text11                             13A4     13A4       6E      807       0
                text10                             15C2     15C2       3A      807       0
                text9                              1588     1588       3A      807       0
                text8                              1508     1508       46      807       0
                text7                              1468     1468       52      807       0
                text6                              1412     1412       56      807       0
                text5                              12B6     12B6       78      807       0
                text4                              154E     154E       3A      807       0
                text3                              1656     1656       24      807       0
                text2                              100E     100E       E2      807       0
                text1                              162A     162A       2C      807       0
                text0                              1192     1192       98      807       0
                cstackCOMRAM                          1        1        E        1       1
                bssCOMRAM                             F        F        3        1       1
                cinit                              16CA     16CA        C      807       0

TOTAL           Name                               Link     Load   Length     Space
        CLASS   CODE           
                init                                  0        0        4         0
                text19                             167A     167A       1C         0
                text18                             10F0     10F0       A2         0
                text17                             122A     122A       8C         0
                text16                             15FC     15FC       2E         0
                text15                             132E     132E       76         0
                text14                             16B0     16B0       1A         0
                text13                             1696     1696       1A         0
                text12                             14BA     14BA       4E         0
                text11                             13A4     13A4       6E         0
                text10                             15C2     15C2       3A         0
                text9                              1588     1588       3A         0
                text8                              1508     1508       46         0
                text7                              1468     1468       52         0
                text6                              1412     1412       56         0
                text5                              12B6     12B6       78         0
                text4                              154E     154E       3A         0
                text3                              1656     1656       24         0
                text2                              100E     100E       E2         0
                text1                              162A     162A       2C         0
                text0                              1192     1192       98         0
                cinit                              16CA     16CA        C         0

        CLASS   CONST          

        CLASS   SMALLCONST     
                smallconst                         1000     1000        E         0

        CLASS   MEDIUMCONST    

        CLASS   COMRAM         
                cstackCOMRAM                          1        1        E         1
                bssCOMRAM                             F        F        3         1

        CLASS   ABS1           

        CLASS   BIGRAM         

        CLASS   RAM            

        CLASS   BANK0          

        CLASS   BANK1          

        CLASS   BANK2          

        CLASS   BANK3          

        CLASS   BANK4          

        CLASS   BANK5          

        CLASS   BANK6          

        CLASS   BANK7          

        CLASS   BANK8          

        CLASS   BANK9          

        CLASS   BANK10         

        CLASS   BANK11         

        CLASS   BANK12         

        CLASS   BANK13         

        CLASS   BANK14         

        CLASS   BANK15         

        CLASS   SFR            

        CLASS   BIGSFR         

        CLASS   CONFIG         
                config                           300000   300000        E         4

        CLASS   IDLOC          
                idloc                            200000   200000        8         5

        CLASS   EEDATA         

        CLASS   FARRAM         

        CLASS   HEAP           

        CLASS   STACK          



SEGMENTS        Name                           Load    Length   Top    Selector   Space  Class

                reset_vec                      000000  000004  000004         0       0  CODE    
                text2                          00100E  0006C8  0016D6       807       0  CODE    
                cstackCOMRAM                   000001  000011  000012         1       1  COMRAM  
                smallconst                     001000  00000E  00100E       800       0  SMALLCON


UNUSED ADDRESS RANGES

        Name                Unused          Largest block    Delta
        BANK0            000060-0000FF               A0
        BANK1            000100-0001FF              100
        BANK10           000A00-000AFF              100
        BANK11           000B00-000BFF              100
        BANK12           000C00-000CFF              100
        BANK13           000D00-000DFF              100
        BANK14           000E00-000EFF              100
        BANK15           000F00-000F15               16
        BANK2            000200-0002FF              100
        BANK3            000300-0003FF              100
        BANK4            000400-0004FF              100
        BANK5            000500-0005FF              100
        BANK6            000600-0006FF              100
        BANK7            000700-0007FF              100
        BANK8            000800-0008FF              100
        BANK9            000900-0009FF              100
        BIGRAM           000012-000F15              F04
        BIGSFR           000F16-000FFF               EA
        CODE             000004-000FFF              FFC
                         0016D6-01FFFF            1E92A
        COMRAM           000012-00005F               4E
        CONST            000004-000FFF              FFC
                         0016D6-01FFFF            1E92A
        EEDATA           F00000-F003FF              400
        MEDIUMCONST      0016D6-00FFFF             E92A
                         011000-01FFFF             F000
        RAM              000060-000F15              100
        SFR              000F16-000FFF               4A
        SMALLCONST       0016D6-01FFFF              100

                                  Symbol Table

?_I2C_Read                           cstackCOMRAM 000001
I2C_Read@Address                     cstackCOMRAM 000003
I2C_Read@Register                    cstackCOMRAM 000001
I2C_Write_Register@u8Address         cstackCOMRAM 000003
I2C_Write_Register@u8Register        cstackCOMRAM 000001
I2C_Write_Register@u8Value           cstackCOMRAM 000002
_ANCON0                              (abs)        000F25
_ANCON1                              (abs)        000F24
_ANCON2                              (abs)        000F23
_BAUDCON1                            (abs)        000F65
_BAUDCON2                            (abs)        000F20
_I2C_Init                            text19       00167A
_I2C_Read                            text18       0010F0
_I2C_Write_Register                  text17       00122A
_INTCON2bits                         (abs)        000FF1
_LATCbits                            (abs)        000F8B
_LATFbits                            (abs)        000F8E
_LATGbits                            (abs)        000F8F
_LATH                                (abs)        000F90
_LATJ                                (abs)        000F91
_LATJbits                            (abs)        000F91
_MEMCON                              (abs)        000F26
_PADCFG1bits                         (abs)        000F53
_PIR1bits                            (abs)        000F9E
_PIR2bits                            (abs)        000FA1
_PORTH                               (abs)        000F87
_RCSTA1                              (abs)        000FAB
_RCSTA2                              (abs)        000F22
_SPBRG1                              (abs)        000FAF
_SPBRG2                              (abs)        000F1E
_SPBRGH1                             (abs)        000FD4
_SPBRGH2                             (abs)        000F1F
_SSP1ADD                             (abs)        000FC8
_SSP1BUF                             (abs)        000FC9
_SSP1CON1                            (abs)        000FC6
_SSP1CON1bits                        (abs)        000FC6
_SSP1CON2                            (abs)        000FC5
_SSP1CON2bits                        (abs)        000FC5
_SSP1STAT                            (abs)        000FC7
_SSP2BUF                             (abs)        000F6A
_SSP2CON1                            (abs)        000F67
_SSP2CON1bits                        (abs)        000F67
_SSP2STAT                            (abs)        000F68
_TRISAbits                           (abs)        000F92
_TRISCbits                           (abs)        000F94
_TRISDbits                           (abs)        000F95
_TRISFbits                           (abs)        000F97
_TRISGbits                           (abs)        000F98
_TRISH                               (abs)        000F99
_TRISJ                               (abs)        000F9A
_TX1IF                               (abs)        007CF4
_TXREG1                              (abs)        000FAD
_TXREG2                              (abs)        000F1C
_TXSTA1                              (abs)        000FAC
_TXSTA2                              (abs)        000F21
__HRAM                               (abs)        000000
__Habs1                              abs1         000000
__Hbank0                             bank0        000000
__Hbank1                             bank1        000000
__Hbank10                            bank10       000000
__Hbank11                            bank11       000000
__Hbank12                            bank12       000000
__Hbank13                            bank13       000000
__Hbank14                            bank14       000000
__Hbank15                            bank15       000000
__Hbank2                             bank2        000000
__Hbank3                             bank3        000000
__Hbank4                             bank4        000000
__Hbank5                             bank5        000000
__Hbank6                             bank6        000000
__Hbank7                             bank7        000000
__Hbank8                             bank8        000000
__Hbank9                             bank9        000000
__Hbigbss                            bigbss       000000
__Hbigdata                           bigdata      000000
__Hbigram                            bigram       000000
__Hbigsfr                            bigsfr       000000
__Hbss                               bss          000000
__HbssCOMRAM                         bssCOMRAM    000000
__Hcinit                             cinit        000000
__Hclrtext                           clrtext      000000
__Hcomram                            comram       000000
__Hconfig                            config       30000E
__Hconst                             const        000000
__HcstackCOMRAM                      cstackCOMRAM 000000
__Hdata                              data         000000
__Heeprom_data                       eeprom_data  000000
__Hfarbss                            farbss       000000
__Hfardata                           fardata      000000
__Hheap                              heap         000000
__Hibigdata                          ibigdata     000000
__Hidata                             idata        000000
__Hidloc                             idloc        200008
__Hifardata                          ifardata     000000
__Hinit                              init         000004
__Hintcode                           intcode      000000
__Hintcode_body                      intcode_body 000000
__Hintcodelo                         intcodelo    000000
__Hintentry                          intentry     000000
__Hintret                            intret       000000
__Hintsave_regs                      intsave_regs 000000
__Hirdata                            irdata       000000
__Hmediumconst                       mediumconst  000000
__HnvFARRAM                          nvFARRAM     000000
__Hnvbit                             nvbit        000000
__Hnvrram                            nvrram       000000
__Hparam                             rparam       000000
__Hpowerup                           powerup      000000
__Hram                               ram          000000
__Hramtop                            ramtop       001000
__Hrbit                              rbit         000000
__Hrbss                              rbss         000000
__Hrdata                             rdata        000000
__Hreset_vec                         reset_vec    000000
__Hrparam                            rparam       000000
__Hsfr                               sfr          000000
__Hsmallconst                        smallconst   00100E
__Hspace_0                           (abs)        0016D6
__Hspace_1                           (abs)        000012
__Hspace_2                           (abs)        000000
__Hspace_4                           (abs)        60000E
__Hstack                             stack        000000
__Hstruct                            struct       000000
__Htemp                              temp         000000
__Htext                              text         000000
__Htext0                             text0        000000
__Htext1                             text1        000000
__Htext10                            text10       000000
__Htext11                            text11       000000
__Htext12                            text12       000000
__Htext13                            text13       000000
__Htext14                            text14       000000
__Htext15                            text15       000000
__Htext16                            text16       000000
__Htext17                            text17       000000
__Htext18                            text18       000000
__Htext19                            text19       000000
__Htext2                             text2        000000
__Htext3                             text3        000000
__Htext4                             text4        000000
__Htext5                             text5        000000
__Htext6                             text6        000000
__Htext7                             text7        000000
__Htext8                             text8        000000
__Htext9                             text9        000000
__LRAM                               (abs)        000001
__Labs1                              abs1         000000
__Lbank0                             bank0        000000
__Lbank1                             bank1        000000
__Lbank10                            bank10       000000
__Lbank11                            bank11       000000
__Lbank12                            bank12       000000
__Lbank13                            bank13       000000
__Lbank14                            bank14       000000
__Lbank15                            bank15       000000
__Lbank2                             bank2        000000
__Lbank3                             bank3        000000
__Lbank4                             bank4        000000
__Lbank5                             bank5        000000
__Lbank6                             bank6        000000
__Lbank7                             bank7        000000
__Lbank8                             bank8        000000
__Lbank9                             bank9        000000
__Lbigbss                            bigbss       000000
__Lbigdata                           bigdata      000000
__Lbigram                            bigram       000000
__Lbigsfr                            bigsfr       000000
__Lbss                               bss          000000
__LbssCOMRAM                         bssCOMRAM    000000
__Lcinit                             cinit        000000
__Lclrtext                           clrtext      000000
__Lcomram                            comram       000000
__Lconfig                            config       000000
__Lconst                             const        000000
__LcstackCOMRAM                      cstackCOMRAM 000000
__Ldata                              data         000000
__Leeprom_data                       eeprom_data  000000
__Lfarbss                            farbss       000000
__Lfardata                           fardata      000000
__Lheap                              heap         000000
__Libigdata                          ibigdata     000000
__Lidata                             idata        000000
__Lidloc                             idloc        000000
__Lifardata                          ifardata     000000
__Linit                              init         000000
__Lintcode                           intcode      000000
__Lintcode_body                      intcode_body 000000
__Lintcodelo                         intcodelo    000000
__Lintentry                          intentry     000000
__Lintret                            intret       000000
__Lintsave_regs                      intsave_regs 000000
__Lirdata                            irdata       000000
__Lmediumconst                       mediumconst  000000
__LnvFARRAM                          nvFARRAM     000000
__Lnvbit                             nvbit        000000
__Lnvrram                            nvrram       000000
__Lparam                             rparam       000000
__Lpowerup                           powerup      000000
__Lram                               ram          000000
__Lramtop                            ramtop       001000
__Lrbit                              rbit         000000
__Lrbss                              rbss         000000
__Lrdata                             rdata        000000
__Lreset_vec                         reset_vec    000000
__Lrparam                            rparam       000000
__Lsfr                               sfr          000000
__Lsmallconst                        smallconst   001000
__Lspace_0                           (abs)        000000
__Lspace_1                           (abs)        000000
__Lspace_2                           (abs)        000000
__Lspace_4                           (abs)        000000
__Lstack                             stack        000000
__Lstruct                            struct       000000
__Ltemp                              temp         000000
__Ltext                              text         000000
__Ltext0                             text0        000000
__Ltext1                             text1        000000
__Ltext10                            text10       000000
__Ltext11                            text11       000000
__Ltext12                            text12       000000
__Ltext13                            text13       000000
__Ltext14                            text14       000000
__Ltext15                            text15       000000
__Ltext16                            text16       000000
__Ltext17                            text17       000000
__Ltext18                            text18       000000
__Ltext19                            text19       000000
__Ltext2                             text2        000000
__Ltext3                             text3        000000
__Ltext4                             text4        000000
__Ltext5                             text5        000000
__Ltext6                             text6        000000
__Ltext7                             text7        000000
__Ltext8                             text8        000000
__Ltext9                             text9        000000
__S0                                 (abs)        0016D6
__S1                                 (abs)        000012
__S4                                 (abs)        000000
__S5                                 (abs)        000000
___extmem_base                       (abs)        020000
___heap_hi                           (abs)        000000
___heap_lo                           (abs)        000000
___inthi_sp                          stack        000000
___intlo_sp                          stack        000000
___param_bank                        (abs)        000000
___rparam_used                       (abs)        000001
___sp                                stack        000000
__accesstop                          (abs)        000060
__activetblptr                       (abs)        000003
__end_of_I2C_Init                    text19       001696
__end_of_I2C_Read                    text18       001192
__end_of_I2C_Write_Register          text17       0012B6
__end_of__initialization             cinit        0016D0
__end_of_check_status_ok             text4        001588
__end_of_clear_graphics              text10       0015FC
__end_of_clear_text                  text9        0015C2
__end_of_command                     text3        00167A
__end_of_d1command                   text12       001508
__end_of_d2command                   text11       001412
__end_of_delai_ms                    text8        00154E
__end_of_delai_us_char               text16       00162A
__end_of_draw_char                   text7        0014BA
__end_of_draw_string                 text6        001468
__end_of_goto_lico                   text5        00132E
__end_of_initialisation_afficheur    text2        0010F0
__end_of_initialisation_des_ports    text1        001656
__end_of_main                        text0        00122A
__end_of_wait_status_ok              text15       0013A4
__end_of_write_c_aff                 text14       0016CA
__end_of_write_d_aff                 text13       0016B0
__initialization                     cinit        0016CA
__mediumconst                        mediumconst  000000
__pbssCOMRAM                         bssCOMRAM    00000F
__pcinit                             cinit        0016CA
__pcstackCOMRAM                      cstackCOMRAM 000001
__psmallconst                        smallconst   001000
__ptext0                             text0        001192
__ptext1                             text1        00162A
__ptext10                            text10       0015C2
__ptext11                            text11       0013A4
__ptext12                            text12       0014BA
__ptext13                            text13       001696
__ptext14                            text14       0016B0
__ptext15                            text15       00132E
__ptext16                            text16       0015FC
__ptext17                            text17       00122A
__ptext18                            text18       0010F0
__ptext19                            text19       00167A
__ptext2                             text2        00100E
__ptext3                             text3        001656
__ptext4                             text4        00154E
__ptext5                             text5        0012B6
__ptext6                             text6        001412
__ptext7                             text7        001468
__ptext8                             text8        001508
__ptext9                             text9        001588
__ramtop                             ramtop       001000
__smallconst                         smallconst   001000
_check_status_ok                     text4        00154E
_clear_graphics                      text10       0015C2
_clear_text                          text9        001588
_command                             text3        001656
_d1command                           text12       0014BA
_d2command                           text11       0013A4
_delai_ms                            text8        001508
_delai_us_char                       text16       0015FC
_draw_char                           text7        001468
_draw_string                         text6        001412
_goto_lico                           text5        0012B6
_initialisation_afficheur            text2        00100E
_initialisation_des_ports            text1        00162A
_main                                text0        001192
_wait_status_ok                      text15       00132E
_write_c_aff                         text14       0016B0
_write_d_aff                         text13       001696
check_status_ok@res                  cstackCOMRAM 000001
clear_graphics@add                   cstackCOMRAM 000009
clear_text@add                       cstackCOMRAM 000009
command@cmd                          cstackCOMRAM 000005
d1command@cmd                        cstackCOMRAM 000005
d1command@d1                         cstackCOMRAM 000006
d1command@res                        cstackCOMRAM 000007
d2command@cmd                        cstackCOMRAM 000006
d2command@d1                         cstackCOMRAM 000007
d2command@d2                         cstackCOMRAM 000005
d2command@res                        cstackCOMRAM 000008
delai_ms@j                           cstackCOMRAM 000004
delai_ms@val                         cstackCOMRAM 000006
delai_us_char@ucdelai                cstackCOMRAM 000001
draw_char@dccar                      cstackCOMRAM 000008
draw_string@tableau                  cstackCOMRAM 000008
end_of_initialization                cinit        0016D0
goto_lico@adr                        cstackCOMRAM 00000D
goto_lico@colonne                    cstackCOMRAM 000009
goto_lico@ligne                      cstackCOMRAM 00000C
initialisation_afficheur@error_count cstackCOMRAM 000009
intlevel0                            text         000000
intlevel1                            text         000000
intlevel2                            text         000000
intlevel3                            text         000000
isa$std                              (abs)        000001
isa$xinst                            (abs)        000000
stackhi                              (abs)        000000
stacklo                              (abs)        000000
start                                init         000000
start_initialization                 cinit        0016CA
wait_status_ok@err                   cstackCOMRAM 000002
wait_status_ok@res                   cstackCOMRAM 000004
wait_status_ok@status                cstackCOMRAM 000003
write_c_aff@command                  cstackCOMRAM 000001
write_d_aff@data                     cstackCOMRAM 000001


MODULE INFORMATION

Module		Function		Class		Link	Load	Size
afficheur.c
		_d2command     		CODE           	13A4	0000	110
		_write_d_aff   		CODE           	1696	0000	26
		_clear_text    		CODE           	1588	0000	58
		_initialisation_afficheur		CODE           	100E	0000	226
		_write_c_aff   		CODE           	16B0	0000	26
		_clear_graphics		CODE           	15C2	0000	58
		_delai_us_char 		CODE           	15FC	0000	46
		_draw_string   		CODE           	1412	0000	86
		_goto_lico     		CODE           	12B6	0000	120
		_command       		CODE           	1656	0000	36
		_wait_status_ok		CODE           	132E	0000	118
		_draw_char     		CODE           	1468	0000	82
		_d1command     		CODE           	14BA	0000	78
		_check_status_ok		CODE           	154E	0000	58

afficheur.c estimated size: 1128

I2C.c
		_I2C_Write_Register		CODE           	122A	0000	140
		_I2C_Read      		CODE           	10F0	0000	162
		_I2C_Init      		CODE           	167A	0000	28

I2C.c estimated size: 330

shared
		__initialization		CODE           	16CA	0000	6

shared estimated size: 6

main.c
		_delai_ms      		CODE           	1508	0000	70
		_initialisation_des_ports		CODE           	162A	0000	44
		_main          		CODE           	1192	0000	152

main.c estimated size: 266

