Microchip MPLAB XC8 Compiler V2.40

Linker command line:

-W-3 --edf=/opt/microchip/xc8/v2.40/pic/dat/20220703182018_en.msgs -cn \
  -h+dist/default/production/CESI_ReseauTerrain_TP1.X.production.sym \
  --cmf=dist/default/production/CESI_ReseauTerrain_TP1.X.production.cmf -z \
  -Q18F87K22 -o/tmp/xcXCMOefJ --defsym=__MPLAB_BUILD=1 \
  --fixupoverflow=error \
  -Mdist/default/production/CESI_ReseauTerrain_TP1.X.production.map \
  --md=/tmp/xcXNhLmfo.dat -E1 -ver=XC8 Compiler --acfsm=1493 \
  -ACODE=00h-01FFFFh -ACONST=00h-01FFFFh -ASMALLCONST=01000h-010FFhx496 \
  -AMEDIUMCONST=01000h-0FFFFh,011000h-01FFFFh -ACOMRAM=01h-05Fh \
  -AABS1=00h-0F15h -ABIGRAM=01h-0F15h \
  -ARAM=060h-0FFh,0100h-01FFhx14,0F00h-0F15h -ABANK0=060h-0FFh \
  -ABANK1=0100h-01FFh -ABANK2=0200h-02FFh -ABANK3=0300h-03FFh \
  -ABANK4=0400h-04FFh -ABANK5=0500h-05FFh -ABANK6=0600h-06FFh \
  -ABANK7=0700h-07FFh -ABANK8=0800h-08FFh -ABANK9=0900h-09FFh \
  -ABANK10=0A00h-0AFFh -ABANK11=0B00h-0BFFh -ABANK12=0C00h-0CFFh \
  -ABANK13=0D00h-0DFFh -ABANK14=0E00h-0EFFh -ABANK15=0F00h-0F15h \
  -ASFR=0F16h-0F5Fh,0F60h-0FFFh -ABIGSFR=0F16h-0FFFh \
  -ACONFIG=0300000h-030000Dh -AIDLOC=0200000h-0200007h \
  -AEEDATA=0F00000h-0F003FFh -peeprom_data=EEDATA \
  -preset_vec=00h,intcode,intcodelo,powerup,init -pramtop=01000h \
  -psmallconst=SMALLCONST -pmediumconst=MEDIUMCONST -pconst=CONST \
  -AFARRAM=00h-00h \
  -prdata=COMRAM,nvrram=COMRAM,nvbit=COMRAM,rbss=COMRAM,rbit=COMRAM \
  -pfarbss=FARRAM,fardata=FARRAM,nvFARRAM=FARRAM \
  -pintsave_regs=BIGRAM,bigbss=BIGRAM,bigdata=BIGRAM -pbss=RAM \
  -pidata=CODE,irdata=CODE,ibigdata=CODE,ifardata=CODE -prparam=COMRAM \
  /tmp/xcXaBJkBI.o \
  dist/default/production/CESI_ReseauTerrain_TP1.X.production.o 

Object code version is 3.11

Machine type is 18F87K22



                Name                               Link     Load   Length Selector   Space Scale
/tmp/xcXaBJkBI.o
                idloc                            200000   200000        8        0       5
                config                           300000   300000        E        0       4
                init                                  0        0        4        0       0
dist/default/production/CESI_ReseauTerrain_TP1.X.production.o
                idloc                            200000   200000        8        0       5
                config                           300000   300000        E        0       4
                smallconst                         1000     1000        8      800       0
                text27                             1AA6     1AA6        2      804       0
                text26                             1A5A     1A5A       1A      804       0
                text25                             197C     197C       2E      804       0
                text24                             18EC     18EC       32      804       0
                text23                             1A9A     1A9A        C      804       0
                text22                             1714     1714       54      804       0
                text21                             17B6     17B6       4C      804       0
                text20                             1802     1802       3C      804       0
                text19                             1A74     1A74       16      804       0
                text18                             194E     194E       2E      804       0
                text17                             1630     1630       76      804       0
                text16                             1A40     1A40       1A      804       0
                text15                             1A26     1A26       1A      804       0
                text14                             1768     1768       4E      804       0
                text13                             16A6     16A6       6E      804       0
                text12                             18B2     18B2       3A      804       0
                text11                             1878     1878       3A      804       0
                text10                             13CA     13CA       C4      804       0
                text9                              148E     148E       B0      804       0
                text8                              1A02     1A02       24      804       0
                text7                              12F8     12F8       D2      804       0
                text6                              191E     191E       30      804       0
                text5                              153E     153E       7A      804       0
                text4                              15B8     15B8       78      804       0
                text3                              183E     183E       3A      804       0
                text2                              1216     1216       E2      804       0
                text1                              19D6     19D6       2C      804       0
                text0                              1008     1008      20E      804       0
                cstackCOMRAM                          1        1       3B        1       1
                dataCOMRAM                           3C       3C       10        1       1
                bssCOMRAM                            4C       4C        3        1       1
                cinit                              19AA     19AA       2C      804       0
                idataCOMRAM                        1A8A     1A8A       10      804       0

TOTAL           Name                               Link     Load   Length     Space
        CLASS   CODE           
                init                                  0        0        4         0
                text27                             1AA6     1AA6        2         0
                text26                             1A5A     1A5A       1A         0
                text25                             197C     197C       2E         0
                text24                             18EC     18EC       32         0
                text23                             1A9A     1A9A        C         0
                text22                             1714     1714       54         0
                text21                             17B6     17B6       4C         0
                text20                             1802     1802       3C         0
                text19                             1A74     1A74       16         0
                text18                             194E     194E       2E         0
                text17                             1630     1630       76         0
                text16                             1A40     1A40       1A         0
                text15                             1A26     1A26       1A         0
                text14                             1768     1768       4E         0
                text13                             16A6     16A6       6E         0
                text12                             18B2     18B2       3A         0
                text11                             1878     1878       3A         0
                text10                             13CA     13CA       C4         0
                text9                              148E     148E       B0         0
                text8                              1A02     1A02       24         0
                text7                              12F8     12F8       D2         0
                text6                              191E     191E       30         0
                text5                              153E     153E       7A         0
                text4                              15B8     15B8       78         0
                text3                              183E     183E       3A         0
                text2                              1216     1216       E2         0
                text1                              19D6     19D6       2C         0
                text0                              1008     1008      20E         0
                cinit                              19AA     19AA       2C         0
                idataCOMRAM                        1A8A     1A8A       10         0

        CLASS   CONST          

        CLASS   SMALLCONST     
                smallconst                         1000     1000        8         0

        CLASS   MEDIUMCONST    

        CLASS   COMRAM         
                cstackCOMRAM                          1        1       3B         1
                dataCOMRAM                           3C       3C       10         1
                bssCOMRAM                            4C       4C        3         1

        CLASS   ABS1           

        CLASS   BIGRAM         

        CLASS   RAM            

        CLASS   BANK0          

        CLASS   BANK1          

        CLASS   BANK2          

        CLASS   BANK3          

        CLASS   BANK4          

        CLASS   BANK5          

        CLASS   BANK6          

        CLASS   BANK7          

        CLASS   BANK8          

        CLASS   BANK9          

        CLASS   BANK10         

        CLASS   BANK11         

        CLASS   BANK12         

        CLASS   BANK13         

        CLASS   BANK14         

        CLASS   BANK15         

        CLASS   SFR            

        CLASS   BIGSFR         

        CLASS   CONFIG         
                config                           300000   300000        E         4

        CLASS   IDLOC          
                idloc                            200000   200000        8         5

        CLASS   EEDATA         

        CLASS   FARRAM         

        CLASS   HEAP           

        CLASS   STACK          



SEGMENTS        Name                           Load    Length   Top    Selector   Space  Class

                reset_vec                      000000  000004  000004         0       0  CODE    
                text0                          001008  000AA0  001AA8       804       0  CODE    
                cstackCOMRAM                   000001  00004E  00004F         1       1  COMRAM  
                smallconst                     001000  000008  001008       800       0  SMALLCON


UNUSED ADDRESS RANGES

        Name                Unused          Largest block    Delta
        BANK0            000060-0000FF               A0
        BANK1            000100-0001FF              100
        BANK10           000A00-000AFF              100
        BANK11           000B00-000BFF              100
        BANK12           000C00-000CFF              100
        BANK13           000D00-000DFF              100
        BANK14           000E00-000EFF              100
        BANK15           000F00-000F15               16
        BANK2            000200-0002FF              100
        BANK3            000300-0003FF              100
        BANK4            000400-0004FF              100
        BANK5            000500-0005FF              100
        BANK6            000600-0006FF              100
        BANK7            000700-0007FF              100
        BANK8            000800-0008FF              100
        BANK9            000900-0009FF              100
        BIGRAM           00004F-000F15              EC7
        BIGSFR           000F16-000FFF               EA
        CODE             000004-000FFF              FFC
                         001AA8-01FFFF            1E558
        COMRAM           00004F-00005F               11
        CONST            000004-000FFF              FFC
                         001AA8-01FFFF            1E558
        EEDATA           F00000-F003FF              400
        MEDIUMCONST      001AA8-00FFFF             E558
                         011000-01FFFF             F000
        RAM              000060-000F15              100
        SFR              000F16-000FFF               4A
        SMALLCONST       001AA8-01FFFF              100

                                  Symbol Table

?___awdiv                            cstackCOMRAM 000001
?___awmod                            cstackCOMRAM 000001
EEP_SPI_IsWriteInProgress@u8WIP      cstackCOMRAM 000002
EEP_SPI_ReadByte@Fu8Address          cstackCOMRAM 000003
EEP_SPI_ReadByte@u8ReadData          cstackCOMRAM 000004
EEP_SPI_WriteByte@Fu8Address         cstackCOMRAM 000008
EEP_SPI_WriteByte@Fu8Data            cstackCOMRAM 000007
EEP_SPI_WriteByte@tu8Data            cstackCOMRAM 000009
EEP_SPI_WriteBytes@Fpu8Data          cstackCOMRAM 00000C
EEP_SPI_WriteBytes@Fu8Address        cstackCOMRAM 00000F
EEP_SPI_WriteBytes@Fu8Size           cstackCOMRAM 00000E
EEP_SPI_WriteBytes@u8Index           cstackCOMRAM 000010
SPI_ExchangeBlock@block              cstackCOMRAM 000001
SPI_ExchangeBlock@blockSize          cstackCOMRAM 000003
SPI_ExchangeBlock@data               cstackCOMRAM 000005
SPI_ExchangeByte@data                cstackCOMRAM 000001
_ANCON0                              (abs)        000F25
_ANCON1                              (abs)        000F24
_ANCON2                              (abs)        000F23
_EEP_SPI_EnableWrite                 text23       001A9A
_EEP_SPI_Initialize                  text27       001AA6
_EEP_SPI_IsWriteInProgress           text25       00197C
_EEP_SPI_ReadByte                    text24       0018EC
_EEP_SPI_WriteByte                   text21       0017B6
_EEP_SPI_WriteBytes                  text20       001802
_INTCON2bits                         (abs)        000FF1
_LATCbits                            (abs)        000F8B
_LATFbits                            (abs)        000F8E
_LATGbits                            (abs)        000F8F
_LATH                                (abs)        000F90
_LATJ                                (abs)        000F91
_LATJbits                            (abs)        000F91
_MEMCON                              (abs)        000F26
_PADCFG1bits                         (abs)        000F53
_PIR2bits                            (abs)        000FA1
_PORTH                               (abs)        000F87
_SPI_ExchangeBlock                   text22       001714
_SPI_ExchangeByte                    text26       001A5A
_SPI_Initialize                      text19       001A74
_SSP2BUF                             (abs)        000F6A
_SSP2CON1                            (abs)        000F67
_SSP2CON1bits                        (abs)        000F67
_SSP2STAT                            (abs)        000F68
_TRISAbits                           (abs)        000F92
_TRISCbits                           (abs)        000F94
_TRISDbits                           (abs)        000F95
_TRISFbits                           (abs)        000F97
_TRISGbits                           (abs)        000F98
_TRISH                               (abs)        000F99
_TRISJ                               (abs)        000F9A
__HRAM                               (abs)        000000
__Habs1                              abs1         000000
__Hbank0                             bank0        000000
__Hbank1                             bank1        000000
__Hbank10                            bank10       000000
__Hbank11                            bank11       000000
__Hbank12                            bank12       000000
__Hbank13                            bank13       000000
__Hbank14                            bank14       000000
__Hbank15                            bank15       000000
__Hbank2                             bank2        000000
__Hbank3                             bank3        000000
__Hbank4                             bank4        000000
__Hbank5                             bank5        000000
__Hbank6                             bank6        000000
__Hbank7                             bank7        000000
__Hbank8                             bank8        000000
__Hbank9                             bank9        000000
__Hbigbss                            bigbss       000000
__Hbigdata                           bigdata      000000
__Hbigram                            bigram       000000
__Hbigsfr                            bigsfr       000000
__Hbss                               bss          000000
__HbssCOMRAM                         bssCOMRAM    000000
__Hcinit                             cinit        000000
__Hclrtext                           clrtext      000000
__Hcomram                            comram       000000
__Hconfig                            config       30000E
__Hconst                             const        000000
__HcstackCOMRAM                      cstackCOMRAM 000000
__Hdata                              data         000000
__HdataCOMRAM                        dataCOMRAM   000000
__Heeprom_data                       eeprom_data  000000
__Hfarbss                            farbss       000000
__Hfardata                           fardata      000000
__Hheap                              heap         000000
__Hibigdata                          ibigdata     000000
__Hidata                             idata        000000
__HidataCOMRAM                       idataCOMRAM  000000
__Hidloc                             idloc        200008
__Hifardata                          ifardata     000000
__Hinit                              init         000004
__Hintcode                           intcode      000000
__Hintcode_body                      intcode_body 000000
__Hintcodelo                         intcodelo    000000
__Hintentry                          intentry     000000
__Hintret                            intret       000000
__Hintsave_regs                      intsave_regs 000000
__Hirdata                            irdata       000000
__Hmediumconst                       mediumconst  000000
__HnvFARRAM                          nvFARRAM     000000
__Hnvbit                             nvbit        000000
__Hnvrram                            nvrram       000000
__Hparam                             rparam       000000
__Hpowerup                           powerup      000000
__Hram                               ram          000000
__Hramtop                            ramtop       001000
__Hrbit                              rbit         000000
__Hrbss                              rbss         000000
__Hrdata                             rdata        000000
__Hreset_vec                         reset_vec    000000
__Hrparam                            rparam       000000
__Hsfr                               sfr          000000
__Hsmallconst                        smallconst   001008
__Hspace_0                           (abs)        001AA8
__Hspace_1                           (abs)        00004F
__Hspace_2                           (abs)        000000
__Hspace_4                           (abs)        60000E
__Hstack                             stack        000000
__Hstruct                            struct       000000
__Htemp                              temp         000000
__Htext                              text         000000
__Htext0                             text0        000000
__Htext1                             text1        000000
__Htext10                            text10       000000
__Htext11                            text11       000000
__Htext12                            text12       000000
__Htext13                            text13       000000
__Htext14                            text14       000000
__Htext15                            text15       000000
__Htext16                            text16       000000
__Htext17                            text17       000000
__Htext18                            text18       000000
__Htext19                            text19       000000
__Htext2                             text2        000000
__Htext20                            text20       000000
__Htext21                            text21       000000
__Htext22                            text22       000000
__Htext23                            text23       000000
__Htext24                            text24       000000
__Htext25                            text25       000000
__Htext26                            text26       000000
__Htext27                            text27       000000
__Htext3                             text3        000000
__Htext4                             text4        000000
__Htext5                             text5        000000
__Htext6                             text6        000000
__Htext7                             text7        000000
__Htext8                             text8        000000
__Htext9                             text9        000000
__LRAM                               (abs)        000001
__Labs1                              abs1         000000
__Lbank0                             bank0        000000
__Lbank1                             bank1        000000
__Lbank10                            bank10       000000
__Lbank11                            bank11       000000
__Lbank12                            bank12       000000
__Lbank13                            bank13       000000
__Lbank14                            bank14       000000
__Lbank15                            bank15       000000
__Lbank2                             bank2        000000
__Lbank3                             bank3        000000
__Lbank4                             bank4        000000
__Lbank5                             bank5        000000
__Lbank6                             bank6        000000
__Lbank7                             bank7        000000
__Lbank8                             bank8        000000
__Lbank9                             bank9        000000
__Lbigbss                            bigbss       000000
__Lbigdata                           bigdata      000000
__Lbigram                            bigram       000000
__Lbigsfr                            bigsfr       000000
__Lbss                               bss          000000
__LbssCOMRAM                         bssCOMRAM    000000
__Lcinit                             cinit        000000
__Lclrtext                           clrtext      000000
__Lcomram                            comram       000000
__Lconfig                            config       000000
__Lconst                             const        000000
__LcstackCOMRAM                      cstackCOMRAM 000000
__Ldata                              data         000000
__LdataCOMRAM                        dataCOMRAM   000000
__Leeprom_data                       eeprom_data  000000
__Lfarbss                            farbss       000000
__Lfardata                           fardata      000000
__Lheap                              heap         000000
__Libigdata                          ibigdata     000000
__Lidata                             idata        000000
__LidataCOMRAM                       idataCOMRAM  000000
__Lidloc                             idloc        000000
__Lifardata                          ifardata     000000
__Linit                              init         000000
__Lintcode                           intcode      000000
__Lintcode_body                      intcode_body 000000
__Lintcodelo                         intcodelo    000000
__Lintentry                          intentry     000000
__Lintret                            intret       000000
__Lintsave_regs                      intsave_regs 000000
__Lirdata                            irdata       000000
__Lmediumconst                       mediumconst  000000
__LnvFARRAM                          nvFARRAM     000000
__Lnvbit                             nvbit        000000
__Lnvrram                            nvrram       000000
__Lparam                             rparam       000000
__Lpowerup                           powerup      000000
__Lram                               ram          000000
__Lramtop                            ramtop       001000
__Lrbit                              rbit         000000
__Lrbss                              rbss         000000
__Lrdata                             rdata        000000
__Lreset_vec                         reset_vec    000000
__Lrparam                            rparam       000000
__Lsfr                               sfr          000000
__Lsmallconst                        smallconst   001000
__Lspace_0                           (abs)        000000
__Lspace_1                           (abs)        000000
__Lspace_2                           (abs)        000000
__Lspace_4                           (abs)        000000
__Lstack                             stack        000000
__Lstruct                            struct       000000
__Ltemp                              temp         000000
__Ltext                              text         000000
__Ltext0                             text0        000000
__Ltext1                             text1        000000
__Ltext10                            text10       000000
__Ltext11                            text11       000000
__Ltext12                            text12       000000
__Ltext13                            text13       000000
__Ltext14                            text14       000000
__Ltext15                            text15       000000
__Ltext16                            text16       000000
__Ltext17                            text17       000000
__Ltext18                            text18       000000
__Ltext19                            text19       000000
__Ltext2                             text2        000000
__Ltext20                            text20       000000
__Ltext21                            text21       000000
__Ltext22                            text22       000000
__Ltext23                            text23       000000
__Ltext24                            text24       000000
__Ltext25                            text25       000000
__Ltext26                            text26       000000
__Ltext27                            text27       000000
__Ltext3                             text3        000000
__Ltext4                             text4        000000
__Ltext5                             text5        000000
__Ltext6                             text6        000000
__Ltext7                             text7        000000
__Ltext8                             text8        000000
__Ltext9                             text9        000000
__S0                                 (abs)        001AA8
__S1                                 (abs)        00004F
__S4                                 (abs)        000000
__S5                                 (abs)        000000
___awdiv                             text10       0013CA
___awdiv@counter                     cstackCOMRAM 000005
___awdiv@dividend                    cstackCOMRAM 000001
___awdiv@divisor                     cstackCOMRAM 000003
___awdiv@quotient                    cstackCOMRAM 000007
___awdiv@sign                        cstackCOMRAM 000006
___awmod                             text9        00148E
___awmod@counter                     cstackCOMRAM 000005
___awmod@dividend                    cstackCOMRAM 000001
___awmod@divisor                     cstackCOMRAM 000003
___awmod@sign                        cstackCOMRAM 000006
___extmem_base                       (abs)        020000
___heap_hi                           (abs)        000000
___heap_lo                           (abs)        000000
___inthi_sp                          stack        000000
___intlo_sp                          stack        000000
___param_bank                        (abs)        000000
___rparam_used                       (abs)        000001
___sp                                stack        000000
__accesstop                          (abs)        000060
__activetblptr                       (abs)        000003
__end_of_EEP_SPI_EnableWrite         text23       001AA6
__end_of_EEP_SPI_Initialize          text27       001AA8
__end_of_EEP_SPI_IsWriteInProgress   text25       0019AA
__end_of_EEP_SPI_ReadByte            text24       00191E
__end_of_EEP_SPI_WriteByte           text21       001802
__end_of_EEP_SPI_WriteBytes          text20       00183E
__end_of_SPI_ExchangeBlock           text22       001768
__end_of_SPI_ExchangeByte            text26       001A74
__end_of_SPI_Initialize              text19       001A8A
__end_of___awdiv                     text10       00148E
__end_of___awmod                     text9        00153E
__end_of__initialization             cinit        0019D0
__end_of_check_status_ok             text3        001878
__end_of_clear_graphics              text12       0018EC
__end_of_clear_text                  text11       0018B2
__end_of_command                     text8        001A26
__end_of_d1command                   text14       0017B6
__end_of_d2command                   text13       001714
__end_of_delai_us_char               text18       00197C
__end_of_drawVericalLine             text6        00194E
__end_of_draw_string                 text5        0015B8
__end_of_goto_lico                   text4        001630
__end_of_initialisation_afficheur    text2        0012F8
__end_of_initialisation_des_ports    text1        001A02
__end_of_main                        text0        001216
__end_of_plot1                       text7        0013CA
__end_of_wait_status_ok              text17       0016A6
__end_of_write_c_aff                 text16       001A5A
__end_of_write_d_aff                 text15       001A40
__initialization                     cinit        0019AA
__mediumconst                        mediumconst  000000
__pbssCOMRAM                         bssCOMRAM    00004C
__pcinit                             cinit        0019AA
__pcstackCOMRAM                      cstackCOMRAM 000001
__pdataCOMRAM                        dataCOMRAM   00003C
__pidataCOMRAM                       idataCOMRAM  001A8A
__psmallconst                        smallconst   001000
__ptext0                             text0        001008
__ptext1                             text1        0019D6
__ptext10                            text10       0013CA
__ptext11                            text11       001878
__ptext12                            text12       0018B2
__ptext13                            text13       0016A6
__ptext14                            text14       001768
__ptext15                            text15       001A26
__ptext16                            text16       001A40
__ptext17                            text17       001630
__ptext18                            text18       00194E
__ptext19                            text19       001A74
__ptext2                             text2        001216
__ptext20                            text20       001802
__ptext21                            text21       0017B6
__ptext22                            text22       001714
__ptext23                            text23       001A9A
__ptext24                            text24       0018EC
__ptext25                            text25       00197C
__ptext26                            text26       001A5A
__ptext27                            text27       001AA6
__ptext3                             text3        00183E
__ptext4                             text4        0015B8
__ptext5                             text5        00153E
__ptext6                             text6        00191E
__ptext7                             text7        0012F8
__ptext8                             text8        001A02
__ptext9                             text9        00148E
__ramtop                             ramtop       001000
__smallconst                         smallconst   001000
_check_status_ok                     text3        00183E
_clear_graphics                      text12       0018B2
_clear_text                          text11       001878
_command                             text8        001A02
_d1command                           text14       001768
_d2command                           text13       0016A6
_delai_us_char                       text18       00194E
_drawVericalLine                     text6        00191E
_draw_string                         text5        00153E
_goto_lico                           text4        0015B8
_initialisation_afficheur            text2        001216
_initialisation_des_ports            text1        0019D6
_main                                text0        001008
_main$1411                           cstackCOMRAM 000038
_plot1                               text7        0012F8
_wait_status_ok                      text17       001630
_write_c_aff                         text16       001A40
_write_d_aff                         text15       001A26
check_status_ok@res                  cstackCOMRAM 000001
clear_graphics@add                   cstackCOMRAM 000009
clear_text@add                       cstackCOMRAM 000009
command@cmd                          cstackCOMRAM 000005
d1command@cmd                        cstackCOMRAM 000005
d1command@d1                         cstackCOMRAM 000006
d1command@res                        cstackCOMRAM 000007
d2command@cmd                        cstackCOMRAM 000006
d2command@d1                         cstackCOMRAM 000007
d2command@d2                         cstackCOMRAM 000005
d2command@res                        cstackCOMRAM 000008
delai_us_char@ucdelai                cstackCOMRAM 000001
drawVericalLine@colonne              cstackCOMRAM 00000F
drawVericalLine@index                cstackCOMRAM 000012
drawVericalLine@lenght               cstackCOMRAM 000010
drawVericalLine@ligne                cstackCOMRAM 000011
draw_string@tableau                  cstackCOMRAM 000008
end_of_initialization                cinit        0019D0
goto_lico@adr                        cstackCOMRAM 00000D
goto_lico@colonne                    cstackCOMRAM 000009
goto_lico@ligne                      cstackCOMRAM 00000C
initialisation_afficheur@error_count cstackCOMRAM 000009
intlevel0                            text         000000
intlevel1                            text         000000
intlevel2                            text         000000
intlevel3                            text         000000
isa$std                              (abs)        000001
isa$xinst                            (abs)        000000
main@F6477                           dataCOMRAM   00003C
main@tu8Data                         cstackCOMRAM 000014
main@tu8DataFromEEPROM               cstackCOMRAM 000024
main@u8Cpt                           cstackCOMRAM 00003B
main@u8Index                         cstackCOMRAM 00003A
plot1@add                            cstackCOMRAM 00000C
plot1@x                              cstackCOMRAM 00000E
plot1@y                              cstackCOMRAM 000009
stackhi                              (abs)        000000
stacklo                              (abs)        000000
start                                init         000000
start_initialization                 cinit        0019AA
wait_status_ok@err                   cstackCOMRAM 000002
wait_status_ok@res                   cstackCOMRAM 000004
wait_status_ok@status                cstackCOMRAM 000003
write_c_aff@command                  cstackCOMRAM 000001
write_d_aff@data                     cstackCOMRAM 000001


MODULE INFORMATION

Module		Function		Class		Link	Load	Size
/opt/microchip/xc8/v2.40/pic/sources/c90/common/awmod.c
		___awmod       		CODE           	148E	0000	176

/opt/microchip/xc8/v2.40/pic/sources/c90/common/awmod.c estimated size: 176

afficheur.c
		_d2command     		CODE           	16A6	0000	110
		_write_d_aff   		CODE           	1A26	0000	26
		_clear_text    		CODE           	1878	0000	58
		_initialisation_afficheur		CODE           	1216	0000	226
		_write_c_aff   		CODE           	1A40	0000	26
		_drawVericalLine		CODE           	191E	0000	48
		_clear_graphics		CODE           	18B2	0000	58
		_delai_us_char 		CODE           	194E	0000	46
		_draw_string   		CODE           	153E	0000	122
		_plot1         		CODE           	12F8	0000	210
		_goto_lico     		CODE           	15B8	0000	120
		_command       		CODE           	1A02	0000	36
		_wait_status_ok		CODE           	1630	0000	118
		_d1command     		CODE           	1768	0000	78
		_check_status_ok		CODE           	183E	0000	58

afficheur.c estimated size: 1340

/opt/microchip/xc8/v2.40/pic/sources/c90/common/awdiv.c
		___awdiv       		CODE           	13CA	0000	196

/opt/microchip/xc8/v2.40/pic/sources/c90/common/awdiv.c estimated size: 196

spi.c
		_SPI_ExchangeByte		CODE           	1A5A	0000	26
		_SPI_ExchangeBlock		CODE           	1714	0000	84
		_SPI_Initialize		CODE           	1A74	0000	22

spi.c estimated size: 132

eep_spi.c
		_EEP_SPI_EnableWrite		CODE           	1A9A	0000	12
		_EEP_SPI_ReadByte		CODE           	18EC	0000	50
		_EEP_SPI_WriteByte		CODE           	17B6	0000	76
		_EEP_SPI_Initialize		CODE           	1AA6	0000	2
		_EEP_SPI_IsWriteInProgress		CODE           	197C	0000	46
		_EEP_SPI_WriteBytes		CODE           	1802	0000	60

eep_spi.c estimated size: 246

shared
		__initialization		CODE           	19AA	0000	38

shared estimated size: 38

main.c
		_initialisation_des_ports		CODE           	19D6	0000	44
		_main          		CODE           	1008	0000	526

main.c estimated size: 570

