Microchip MPLAB XC8 Compiler V1.12 ()

Linker command line:

-W-3 --edf=/opt/microchip/xc8/v1.12/dat/en_msgs.txt -cs \
  -h+dist/default/production/TP5_Delafolie_Pisciotta.X.production.sym -z \
  -Q18F87K22 -ol.obj \
  -Mdist/default/production/TP5_Delafolie_Pisciotta.X.production.map -E1 \
  -ver=XC8 -ACODE=00h-01FFFFh -ACONST=00h-01FFFFh \
  -ASMALLCONST=01000h-010FFhx496 \
  -AMEDIUMCONST=01000h-0FFFFh,011000h-01FFFFh -AFARRAM=020000h-01FFFFFh \
  -ACOMRAM=01h-05Fh -AABS1=00h-0F15h -ABIGRAM=01h-0F15h \
  -ARAM=060h-0FFh,0100h-01FFhx14,0F00h-0F15h -ABANK0=060h-0FFh \
  -ABANK1=0100h-01FFh -ABANK2=0200h-02FFh -ABANK3=0300h-03FFh \
  -ABANK4=0400h-04FFh -ABANK5=0500h-05FFh -ABANK6=0600h-06FFh \
  -ABANK7=0700h-07FFh -ABANK8=0800h-08FFh -ABANK9=0900h-09FFh \
  -ABANK10=0A00h-0AFFh -ABANK11=0B00h-0BFFh -ABANK12=0C00h-0CFFh \
  -ABANK13=0D00h-0DFFh -ABANK14=0E00h-0EFFh -ABANK15=0F00h-0F15h \
  -ASFR=0F16h-0F5Fh,0F60h-0FFFh \
  -preset_vec=00h,intcode,intcodelo,powerup,init,end_init -pramtop=01000h \
  -psmallconst=SMALLCONST -pmediumconst=MEDIUMCONST -pconst=CONST \
  -AFARRAM=020000h-01FFFFFh -ACONFIG=0300000h-030000Dh -pconfig=CONFIG \
  -AIDLOC=0200000h-0200007h -pidloc=IDLOC -AEEDATA=0F00000h-0F003FFh \
  -peeprom_data=EEDATA \
  -prdata=COMRAM,nvrram=COMRAM,nvbit=COMRAM,rbss=COMRAM,rbit=COMRAM \
  -pfarbss=FARRAM,fardata=FARRAM \
  -pintsave_regs=BIGRAM,bigbss=BIGRAM,bigdata=BIGRAM -pbss=RAM \
  -pidata=CODE,irdata=CODE,ibigdata=CODE,ifardata=CODE /tmp/cgtGKqsOd.obj \
  dist/default/production/TP5_Delafolie_Pisciotta.X.production.obj 

Object code version is 3.10

Machine type is 18F87K22

Call graph: (short form)




                Name                               Link     Load   Length Selector   Space Scale
/tmp/cgtGKqsOd.obj
                end_init                              0        0        4        0       0
                idloc                            200000   200000        8   200000       0
                config                           300000   300000        E   300000       0
dist/default/production/TP5_Delafolie_Pisciotta.X.production.obj
                text11                            1FC92    1FC92       A8     FE49       0
                text10                            1FD3A    1FD3A       BC     FE9D       0
                text9                             1FB76    1FB76        6     FDBB       0
                text8                             1FBA4    1FBA4       22     FDD2       0
                text7                             1FDF6    1FDF6       CA     FEFB       0
                text6                             1FB7C    1FB7C        8     FDBE       0
                text5                             1FB6E    1FB6E        4     FDB7       0
                text4                             1FB72    1FB72        4     FDB9       0
                text3                             1FB8E    1FB8E       16     FDC7       0
                text2                             1FEC0    1FEC0      140     FF60       0
                text1                             1FBC6    1FBC6       44     FDE3       0
                cstackCOMRAM                          1        1       1A        1       1
                bssCOMRAM                            1B       1B        2        1       1
                cinit                             1FB84    1FB84        A     FDC2       0
                text0                             1FC0A    1FC0A       88     FE05       0

TOTAL           Name                               Link     Load   Length     Space
        CLASS   CODE           
                end_init                              0        0        4         0
                text11                            1FC92    1FC92       A8         0
                text10                            1FD3A    1FD3A       BC         0
                text9                             1FB76    1FB76        6         0
                text8                             1FBA4    1FBA4       22         0
                text7                             1FDF6    1FDF6       CA         0
                text6                             1FB7C    1FB7C        8         0
                text5                             1FB6E    1FB6E        4         0
                text4                             1FB72    1FB72        4         0
                text3                             1FB8E    1FB8E       16         0
                text2                             1FEC0    1FEC0      140         0
                text1                             1FBC6    1FBC6       44         0
                cinit                             1FB84    1FB84        A         0
                text0                             1FC0A    1FC0A       88         0

        CLASS   CONST          

        CLASS   SMALLCONST     

        CLASS   MEDIUMCONST    

        CLASS   FARRAM         

        CLASS   COMRAM         
                cstackCOMRAM                          1        1       1A         1
                bssCOMRAM                            1B       1B        2         1

        CLASS   ABS1           

        CLASS   BIGRAM         

        CLASS   RAM            

        CLASS   BANK0          

        CLASS   BANK1          

        CLASS   BANK2          

        CLASS   BANK3          

        CLASS   BANK4          

        CLASS   BANK5          

        CLASS   BANK6          

        CLASS   BANK7          

        CLASS   BANK8          

        CLASS   BANK9          

        CLASS   BANK10         

        CLASS   BANK11         

        CLASS   BANK12         

        CLASS   BANK13         

        CLASS   BANK14         

        CLASS   BANK15         

        CLASS   SFR            

        CLASS   CONFIG         
                config                           300000   300000        E         0

        CLASS   IDLOC          
                idloc                            200000   200000        8         0

        CLASS   EEDATA         



SEGMENTS        Name                           Load    Length   Top    Selector   Space  Class

                reset_vec                      000000  000004  000004         0       0  CODE    
                cstackCOMRAM                   000001  00001C  00001D         1       1  COMRAM  
                text5                          01FB6E  000004  01FB72      FDB7       0  CODE    
                text4                          01FB72  000004  01FB76      FDB9       0  CODE    
                text9                          01FB76  000006  01FB7C      FDBB       0  CODE    
                text6                          01FB7C  000008  01FB84      FDBE       0  CODE    
                cinit                          01FB84  00000A  01FB8E      FDC2       0  CODE    
                text3                          01FB8E  000016  01FBA4      FDC7       0  CODE    
                text8                          01FBA4  000022  01FBC6      FDD2       0  CODE    
                text1                          01FBC6  000044  01FC0A      FDE3       0  CODE    
                text0                          01FC0A  000088  01FC92      FE05       0  CODE    
                text11                         01FC92  0000A8  01FD3A      FE49       0  CODE    
                text10                         01FD3A  0000BC  01FDF6      FE9D       0  CODE    
                text7                          01FDF6  0000CA  01FEC0      FEFB       0  CODE    
                text2                          01FEC0  000140  020000      FF60       0  CODE    
                idloc                          200000  000008  200008    200000       0  IDLOC   
                config                         300000  00000E  30000E    300000       0  CONFIG  


UNUSED ADDRESS RANGES

        Name                Unused          Largest block    Delta
        BANK0            000060-0000FF               A0
        BANK1            000100-0001FF              100
        BANK10           000A00-000AFF              100
        BANK11           000B00-000BFF              100
        BANK12           000C00-000CFF              100
        BANK13           000D00-000DFF              100
        BANK14           000E00-000EFF              100
        BANK15           000F00-000F15               16
        BANK2            000200-0002FF              100
        BANK3            000300-0003FF              100
        BANK4            000400-0004FF              100
        BANK5            000500-0005FF              100
        BANK6            000600-0006FF              100
        BANK7            000700-0007FF              100
        BANK8            000800-0008FF              100
        BANK9            000900-0009FF              100
        BIGRAM           00001D-000F15              EF9
        CODE             000004-01FB6D            1FB6A
        COMRAM           00001D-00005F               43
        CONST            000004-01FB6D            1FB6A
        EEDATA           F00000-F003FF              400
        FARRAM           020000-1FFFFF           1E0000
        MEDIUMCONST      001000-00FFFF             F000
                         011000-01FB6D             EB6E
        RAM              000060-000F15              100
        SFR              000F16-000FFF               4A
        SMALLCONST       001000-01FB6D              100

                                  Symbol Table

?___awdiv                     cstackCOMRAM 000001
?___awmod                     cstackCOMRAM 000001
?_lecture_timer               cstackCOMRAM 000001
?_writeLCD_number             cstackCOMRAM 00000A
_ANCON0                       (abs)        000F25
_ANCON1                       (abs)        000F24
_ANCON2                       (abs)        000F23
_EEADR                        (abs)        000F62
_EECON1bits                   (abs)        000F7F
_EECON2                       (abs)        000F7E
_EEDATA                       (abs)        000F61
_INTCONbits                   (abs)        000FF2
_Init                         text1        01FBC6
_LATCbits                     (abs)        000F8B
_LCD_DATA                     (abs)        1A0002
_LCD_FUNC                     (abs)        1A0000
_MEMCON                       (abs)        000F26
_MEMCONbits                   (abs)        000F26
_PORTBbits                    (abs)        000F81
_RCONbits                     (abs)        000FD0
_SSP1ADD                      (abs)        000FC8
_SSP1CON1                     (abs)        000FC6
_SSP1CON1bits                 (abs)        000FC6
_SSP1CON2                     (abs)        000FC5
_SSP1STAT                     (abs)        000FC7
_T0CONbits                    (abs)        000FD5
_TMR0L                        (abs)        000FD6
_TRISB                        (abs)        000F93
_TRISC                        (abs)        000F94
_TRISCbits                    (abs)        000F94
_TRISD                        (abs)        000F95
_TRISG                        (abs)        000F98
_TRISGbits                    (abs)        000F98
_TRISH                        (abs)        000F99
__CFG_ABW$XM20                (abs)        000000
__CFG_BBSIZ$BB1K              (abs)        000000
__CFG_BOREN$OFF               (abs)        000000
__CFG_BORPWR$ZPBORMV          (abs)        000000
__CFG_BORV$0                  (abs)        000000
__CFG_BW$8                    (abs)        000000
__CFG_CCP2MX$PORTC            (abs)        000000
__CFG_CP0$OFF                 (abs)        000000
__CFG_CP1$OFF                 (abs)        000000
__CFG_CP2$OFF                 (abs)        000000
__CFG_CP3$OFF                 (abs)        000000
__CFG_CP4$OFF                 (abs)        000000
__CFG_CP5$OFF                 (abs)        000000
__CFG_CP6$OFF                 (abs)        000000
__CFG_CP7$OFF                 (abs)        000000
__CFG_CPB$OFF                 (abs)        000000
__CFG_CPD$OFF                 (abs)        000000
__CFG_DEBUG$OFF               (abs)        000000
__CFG_EASHFT$OFF              (abs)        000000
__CFG_EBRT0$OFF               (abs)        000000
__CFG_EBRT1$OFF               (abs)        000000
__CFG_EBRT2$OFF               (abs)        000000
__CFG_EBRT3$OFF               (abs)        000000
__CFG_EBRT4$OFF               (abs)        000000
__CFG_EBRT5$OFF               (abs)        000000
__CFG_EBRT6$OFF               (abs)        000000
__CFG_EBRT7$OFF               (abs)        000000
__CFG_EBRTB$OFF               (abs)        000000
__CFG_ECCPMX$PORTE            (abs)        000000
__CFG_FCMEN$OFF               (abs)        000000
__CFG_FOSC$HS1                (abs)        000000
__CFG_IESO$OFF                (abs)        000000
__CFG_INTOSCSEL$HIGH          (abs)        000000
__CFG_MCLRE$ON                (abs)        000000
__CFG_MSSPMSK$MSK7            (abs)        000000
__CFG_PLLCFG$OFF              (abs)        000000
__CFG_PWRTEN$OFF              (abs)        000000
__CFG_RETEN$ON                (abs)        000000
__CFG_RTCOSC$SOSCREF          (abs)        000000
__CFG_SOSCSEL$HIGH            (abs)        000000
__CFG_STVREN$ON               (abs)        000000
__CFG_WAIT$ON                 (abs)        000000
__CFG_WDTEN$OFF               (abs)        000000
__CFG_WDTPS$1                 (abs)        000000
__CFG_WRT0$OFF                (abs)        000000
__CFG_WRT1$OFF                (abs)        000000
__CFG_WRT2$OFF                (abs)        000000
__CFG_WRT3$OFF                (abs)        000000
__CFG_WRT4$OFF                (abs)        000000
__CFG_WRT5$OFF                (abs)        000000
__CFG_WRT6$OFF                (abs)        000000
__CFG_WRT7$OFF                (abs)        000000
__CFG_WRTB$OFF                (abs)        000000
__CFG_WRTC$OFF                (abs)        000000
__CFG_WRTD$OFF                (abs)        000000
__CFG_XINST$OFF               (abs)        000000
__HRAM                        (abs)        000000
__Habs1                       abs1         000000
__Hbank0                      bank0        000000
__Hbank1                      bank1        000000
__Hbank10                     bank10       000000
__Hbank11                     bank11       000000
__Hbank12                     bank12       000000
__Hbank13                     bank13       000000
__Hbank14                     bank14       000000
__Hbank15                     bank15       000000
__Hbank2                      bank2        000000
__Hbank3                      bank3        000000
__Hbank4                      bank4        000000
__Hbank5                      bank5        000000
__Hbank6                      bank6        000000
__Hbank7                      bank7        000000
__Hbank8                      bank8        000000
__Hbank9                      bank9        000000
__Hbigbss                     bigbss       000000
__Hbigdata                    bigdata      000000
__Hbigram                     bigram       000000
__Hbss                        bss          000000
__HbssCOMRAM                  bssCOMRAM    000000
__Hcinit                      cinit        000000
__Hclrtext                    clrtext      000000
__Hcomram                     comram       000000
__Hconfig                     config       30000E
__Hconst                      const        000000
__HcstackCOMRAM               cstackCOMRAM 000000
__Hdata                       data         000000
__Heeprom_data                eeprom_data  000000
__Hend_init                   end_init     000004
__Hfarbss                     farbss       000000
__Hfardata                    fardata      000000
__Hibigdata                   ibigdata     000000
__Hidata                      idata        000000
__Hidloc                      idloc        200008
__Hifardata                   ifardata     000000
__Hinit                       init         000000
__Hintcode                    intcode      000000
__Hintcode_body               intcode_body 000000
__Hintcodelo                  intcodelo    000000
__Hintentry                   intentry     000000
__Hintret                     intret       000000
__Hintsave_regs               intsave_regs 000000
__Hirdata                     irdata       000000
__Hmediumconst                mediumconst  000000
__Hnvbit                      nvbit        000000
__Hnvrram                     nvrram       000000
__Hparam                      rparam       000000
__Hpowerup                    powerup      000000
__Hram                        ram          000000
__Hramtop                     ramtop       001000
__Hrbit                       rbit         000000
__Hrbss                       rbss         000000
__Hrdata                      rdata        000000
__Hreset_vec                  reset_vec    000000
__Hrparam                     rparam       000000
__Hsfr                        sfr          000000
__Hsmallconst                 smallconst   000000
__Hstruct                     struct       000000
__Htemp                       temp         000000
__Htext                       text         000000
__Htext0                      text0        000000
__Htext1                      text1        000000
__Htext10                     text10       000000
__Htext11                     text11       000000
__Htext12                     text12       000000
__Htext2                      text2        000000
__Htext3                      text3        000000
__Htext4                      text4        000000
__Htext5                      text5        000000
__Htext6                      text6        000000
__Htext7                      text7        000000
__Htext8                      text8        000000
__Htext9                      text9        000000
__LRAM                        (abs)        000001
__Labs1                       abs1         000000
__Lbank0                      bank0        000000
__Lbank1                      bank1        000000
__Lbank10                     bank10       000000
__Lbank11                     bank11       000000
__Lbank12                     bank12       000000
__Lbank13                     bank13       000000
__Lbank14                     bank14       000000
__Lbank15                     bank15       000000
__Lbank2                      bank2        000000
__Lbank3                      bank3        000000
__Lbank4                      bank4        000000
__Lbank5                      bank5        000000
__Lbank6                      bank6        000000
__Lbank7                      bank7        000000
__Lbank8                      bank8        000000
__Lbank9                      bank9        000000
__Lbigbss                     bigbss       000000
__Lbigdata                    bigdata      000000
__Lbigram                     bigram       000000
__Lbss                        bss          000000
__LbssCOMRAM                  bssCOMRAM    000000
__Lcinit                      cinit        000000
__Lclrtext                    clrtext      000000
__Lcomram                     comram       000000
__Lconfig                     config       300000
__Lconst                      const        000000
__LcstackCOMRAM               cstackCOMRAM 000000
__Ldata                       data         000000
__Leeprom_data                eeprom_data  000000
__Lend_init                   end_init     000000
__Lfarbss                     farbss       000000
__Lfardata                    fardata      000000
__Libigdata                   ibigdata     000000
__Lidata                      idata        000000
__Lidloc                      idloc        200000
__Lifardata                   ifardata     000000
__Linit                       init         000000
__Lintcode                    intcode      000000
__Lintcode_body               intcode_body 000000
__Lintcodelo                  intcodelo    000000
__Lintentry                   intentry     000000
__Lintret                     intret       000000
__Lintsave_regs               intsave_regs 000000
__Lirdata                     irdata       000000
__Lmediumconst                mediumconst  000000
__Lnvbit                      nvbit        000000
__Lnvrram                     nvrram       000000
__Lparam                      rparam       000000
__Lpowerup                    powerup      000000
__Lram                        ram          000000
__Lramtop                     ramtop       001000
__Lrbit                       rbit         000000
__Lrbss                       rbss         000000
__Lrdata                      rdata        000000
__Lreset_vec                  reset_vec    000000
__Lrparam                     rparam       000000
__Lsfr                        sfr          000000
__Lsmallconst                 smallconst   000000
__Lstruct                     struct       000000
__Ltemp                       temp         000000
__Ltext                       text         000000
__Ltext0                      text0        000000
__Ltext1                      text1        000000
__Ltext10                     text10       000000
__Ltext11                     text11       000000
__Ltext12                     text12       000000
__Ltext2                      text2        000000
__Ltext3                      text3        000000
__Ltext4                      text4        000000
__Ltext5                      text5        000000
__Ltext6                      text6        000000
__Ltext7                      text7        000000
__Ltext8                      text8        000000
__Ltext9                      text9        000000
__S0                          (abs)        30000E
__S1                          (abs)        00001D
___awdiv                      text10       01FD3A
___awdiv@counter              cstackCOMRAM 000006
___awdiv@dividend             cstackCOMRAM 000001
___awdiv@divisor              cstackCOMRAM 000003
___awdiv@quotient             cstackCOMRAM 000008
___awdiv@sign                 cstackCOMRAM 000007
___awmod                      text11       01FC92
___awmod@counter              cstackCOMRAM 000006
___awmod@dividend             cstackCOMRAM 000001
___awmod@divisor              cstackCOMRAM 000003
___awmod@sign                 cstackCOMRAM 000007
__accesstop                   (abs)        000060
__activetblptr                (abs)        000003
__end_of_Init                 text1        01FC0A
__end_of___awdiv              text10       01FDF6
__end_of___awmod              text11       01FD3A
__end_of__initialization      cinit        01FB88
__end_of_acq                  text8        01FBC6
__end_of_init_aff_lcd         text2        020000
__end_of_init_timer           text3        01FBA4
__end_of_lecture_timer        text6        01FB84
__end_of_main                 text0        01FC92
__end_of_reset_timer          text9        01FB7C
__end_of_start_timer          text4        01FB76
__end_of_stop_timer           text5        01FB72
__end_of_writeLCD_number      text7        01FEC0
__initialization              cinit        01FB84
__mediumconst                 mediumconst  000000
__pbssCOMRAM                  bssCOMRAM    00001B
__pcinit                      cinit        01FB84
__pcstackCOMRAM               cstackCOMRAM 000001
__ptext0                      text0        01FC0A
__ptext1                      text1        01FBC6
__ptext10                     text10       01FD3A
__ptext11                     text11       01FC92
__ptext12                     text12       000000
__ptext2                      text2        01FEC0
__ptext3                      text3        01FB8E
__ptext4                      text4        01FB72
__ptext5                      text5        01FB6E
__ptext6                      text6        01FB7C
__ptext7                      text7        01FDF6
__ptext8                      text8        01FBA4
__ptext9                      text9        01FB76
__ramtop                      ramtop       001000
__size_of_Init                (abs)        000000
__size_of___awdiv             (abs)        000000
__size_of___awmod             (abs)        000000
__size_of_acq                 (abs)        000000
__size_of_init_aff_lcd        (abs)        000000
__size_of_init_timer          (abs)        000000
__size_of_lecture_timer       (abs)        000000
__size_of_main                (abs)        000000
__size_of_reset_timer         (abs)        000000
__size_of_start_timer         (abs)        000000
__size_of_stop_timer          (abs)        000000
__size_of_writeLCD_number     (abs)        000000
__smallconst                  smallconst   000000
_acq                          text8        01FBA4
_init_aff_lcd                 text2        01FEC0
_init_timer                   text3        01FB8E
_lecture_timer                text6        01FB7C
_main                         text0        01FC0A
_mmode                        bssCOMRAM    00001B
_reset_timer                  text9        01FB76
_start_timer                  text4        01FB72
_stop_timer                   text5        01FB6E
_writeLCD_number              text7        01FDF6
end_of_initialization         cinit        01FB88
intlevel0                     text         000000
intlevel1                     text         000000
intlevel2                     text         000000
intlevel3                     text         000000
main@svent                    cstackCOMRAM 000019
start                         init         000000
start_initialization          cinit        01FB84
writeLCD_number@i             cstackCOMRAM 000016
writeLCD_number@number        cstackCOMRAM 00000A
writeLCD_number@number_string cstackCOMRAM 00000C


FUNCTION INFORMATION:

 *************** function _main *****************
 Defined at:
		line 11 in file "main.c"
 Parameters:    Size  Location     Type
		None
 Auto vars:     Size  Location     Type
  svent           2   24[COMRAM] int 
 Return value:  Size  Location     Type
		None               void
 Registers used:
		wreg, fsr2l, fsr2h, status,2, status,0, tblptrl, tblptrh, tblptru, cstack
 Tracked objects:
		On entry : 
		On exit  : 
		Unchanged: 
 Data sizes:     COMRAM   BANK0   BANK1   BANK2   BANK3   BANK4   BANK5   BANK6   BANK7   BANK8   BANK9  BANK10  BANK11  BANK12  BANK13  BANK14  BANK15
      Params:         0       0       0       0       0       0       0       0       0       0       0       0       0       0       0       0       0
      Locals:         2       0       0       0       0       0       0       0       0       0       0       0       0       0       0       0       0
      Temps:          1       0       0       0       0       0       0       0       0       0       0       0       0       0       0       0       0
      Totals:         3       0       0       0       0       0       0       0       0       0       0       0       0       0       0       0       0
Total ram usage:        3 bytes
 Hardware stack levels required when called:    2
 This function calls:
		_Init
		_init_aff_lcd
		_acq
		_init_timer
		_start_timer
		_stop_timer
		_lecture_timer
		_writeLCD_number
		_reset_timer
 This function is called by:
		Startup code after reset
 This function uses a non-reentrant model


 *************** function _Init *****************
 Defined at:
		line 8 in file "fonction.c"
 Parameters:    Size  Location     Type
		None
 Auto vars:     Size  Location     Type
		None
 Return value:  Size  Location     Type
		None               void
 Registers used:
		wreg, status,2
 Tracked objects:
		On entry : 
		On exit  : 
		Unchanged: 
 Data sizes:     COMRAM   BANK0   BANK1   BANK2   BANK3   BANK4   BANK5   BANK6   BANK7   BANK8   BANK9  BANK10  BANK11  BANK12  BANK13  BANK14  BANK15
      Params:         0       0       0       0       0       0       0       0       0       0       0       0       0       0       0       0       0
      Locals:         0       0       0       0       0       0       0       0       0       0       0       0       0       0       0       0       0
      Temps:          0       0       0       0       0       0       0       0       0       0       0       0       0       0       0       0       0
      Totals:         0       0       0       0       0       0       0       0       0       0       0       0       0       0       0       0       0
Total ram usage:        0 bytes
 Hardware stack levels used:    1
 This function calls:
		Nothing
 This function is called by:
		_main
 This function uses a non-reentrant model


 *************** function _init_aff_lcd *****************
 Defined at:
		line 29 in file "LCD.c"
 Parameters:    Size  Location     Type
		None
 Auto vars:     Size  Location     Type
		None
 Return value:  Size  Location     Type
		None               void
 Registers used:
		wreg, tblptrl, tblptrh, tblptru
 Tracked objects:
		On entry : 
		On exit  : 
		Unchanged: 
 Data sizes:     COMRAM   BANK0   BANK1   BANK2   BANK3   BANK4   BANK5   BANK6   BANK7   BANK8   BANK9  BANK10  BANK11  BANK12  BANK13  BANK14  BANK15
      Params:         0       0       0       0       0       0       0       0       0       0       0       0       0       0       0       0       0
      Locals:         0       0       0       0       0       0       0       0       0       0       0       0       0       0       0       0       0
      Temps:          1       0       0       0       0       0       0       0       0       0       0       0       0       0       0       0       0
      Totals:         1       0       0       0       0       0       0       0       0       0       0       0       0       0       0       0       0
Total ram usage:        1 bytes
 Hardware stack levels used:    1
 This function calls:
		Nothing
 This function is called by:
		_main
 This function uses a non-reentrant model


 *************** function _init_timer *****************
 Defined at:
		line 11 in file "timer.c"
 Parameters:    Size  Location     Type
		None
 Auto vars:     Size  Location     Type
		None
 Return value:  Size  Location     Type
		None               void
 Registers used:
		None
 Tracked objects:
		On entry : 
		On exit  : 
		Unchanged: 
 Data sizes:     COMRAM   BANK0   BANK1   BANK2   BANK3   BANK4   BANK5   BANK6   BANK7   BANK8   BANK9  BANK10  BANK11  BANK12  BANK13  BANK14  BANK15
      Params:         0       0       0       0       0       0       0       0       0       0       0       0       0       0       0       0       0
      Locals:         0       0       0       0       0       0       0       0       0       0       0       0       0       0       0       0       0
      Temps:          0       0       0       0       0       0       0       0       0       0       0       0       0       0       0       0       0
      Totals:         0       0       0       0       0       0       0       0       0       0       0       0       0       0       0       0       0
Total ram usage:        0 bytes
 Hardware stack levels used:    1
 This function calls:
		Nothing
 This function is called by:
		_main
 This function uses a non-reentrant model


 *************** function _start_timer *****************
 Defined at:
		line 22 in file "timer.c"
 Parameters:    Size  Location     Type
		None
 Auto vars:     Size  Location     Type
		None
 Return value:  Size  Location     Type
		None               void
 Registers used:
		None
 Tracked objects:
		On entry : 
		On exit  : 
		Unchanged: 
 Data sizes:     COMRAM   BANK0   BANK1   BANK2   BANK3   BANK4   BANK5   BANK6   BANK7   BANK8   BANK9  BANK10  BANK11  BANK12  BANK13  BANK14  BANK15
      Params:         0       0       0       0       0       0       0       0       0       0       0       0       0       0       0       0       0
      Locals:         0       0       0       0       0       0       0       0       0       0       0       0       0       0       0       0       0
      Temps:          0       0       0       0       0       0       0       0       0       0       0       0       0       0       0       0       0
      Totals:         0       0       0       0       0       0       0       0       0       0       0       0       0       0       0       0       0
Total ram usage:        0 bytes
 Hardware stack levels used:    1
 This function calls:
		Nothing
 This function is called by:
		_main
 This function uses a non-reentrant model


 *************** function _stop_timer *****************
 Defined at:
		line 26 in file "timer.c"
 Parameters:    Size  Location     Type
		None
 Auto vars:     Size  Location     Type
		None
 Return value:  Size  Location     Type
		None               void
 Registers used:
		None
 Tracked objects:
		On entry : 
		On exit  : 
		Unchanged: 
 Data sizes:     COMRAM   BANK0   BANK1   BANK2   BANK3   BANK4   BANK5   BANK6   BANK7   BANK8   BANK9  BANK10  BANK11  BANK12  BANK13  BANK14  BANK15
      Params:         0       0       0       0       0       0       0       0       0       0       0       0       0       0       0       0       0
      Locals:         0       0       0       0       0       0       0       0       0       0       0       0       0       0       0       0       0
      Temps:          0       0       0       0       0       0       0       0       0       0       0       0       0       0       0       0       0
      Totals:         0       0       0       0       0       0       0       0       0       0       0       0       0       0       0       0       0
Total ram usage:        0 bytes
 Hardware stack levels used:    1
 This function calls:
		Nothing
 This function is called by:
		_main
 This function uses a non-reentrant model


 *************** function _lecture_timer *****************
 Defined at:
		line 30 in file "timer.c"
 Parameters:    Size  Location     Type
		None
 Auto vars:     Size  Location     Type
		None
 Return value:  Size  Location     Type
                  2    0[COMRAM] int 
 Registers used:
		None
 Tracked objects:
		On entry : 
		On exit  : 
		Unchanged: 
 Data sizes:     COMRAM   BANK0   BANK1   BANK2   BANK3   BANK4   BANK5   BANK6   BANK7   BANK8   BANK9  BANK10  BANK11  BANK12  BANK13  BANK14  BANK15
      Params:         2       0       0       0       0       0       0       0       0       0       0       0       0       0       0       0       0
      Locals:         0       0       0       0       0       0       0       0       0       0       0       0       0       0       0       0       0
      Temps:          0       0       0       0       0       0       0       0       0       0       0       0       0       0       0       0       0
      Totals:         2       0       0       0       0       0       0       0       0       0       0       0       0       0       0       0       0
Total ram usage:        2 bytes
 Hardware stack levels used:    1
 This function calls:
		Nothing
 This function is called by:
		_main
 This function uses a non-reentrant model


 *************** function _writeLCD_number *****************
 Defined at:
		line 126 in file "LCD.c"
 Parameters:    Size  Location     Type
  number          2    9[COMRAM] int 
 Auto vars:     Size  Location     Type
  number_strin   10   11[COMRAM] unsigned char [10]
  i               2   21[COMRAM] int 
 Return value:  Size  Location     Type
		None               void
 Registers used:
		wreg, fsr2l, fsr2h, status,2, status,0, tblptrl, tblptrh, tblptru, cstack
 Tracked objects:
		On entry : 
		On exit  : 
		Unchanged: 
 Data sizes:     COMRAM   BANK0   BANK1   BANK2   BANK3   BANK4   BANK5   BANK6   BANK7   BANK8   BANK9  BANK10  BANK11  BANK12  BANK13  BANK14  BANK15
      Params:         2       0       0       0       0       0       0       0       0       0       0       0       0       0       0       0       0
      Locals:        12       0       0       0       0       0       0       0       0       0       0       0       0       0       0       0       0
      Temps:          0       0       0       0       0       0       0       0       0       0       0       0       0       0       0       0       0
      Totals:        14       0       0       0       0       0       0       0       0       0       0       0       0       0       0       0       0
Total ram usage:       14 bytes
 Hardware stack levels used:    1
 Hardware stack levels required when called:    1
 This function calls:
		_acq
		___awmod
		___awdiv
 This function is called by:
		_main
 This function uses a non-reentrant model


 *************** function _acq *****************
 Defined at:
		line 51 in file "LCD.c"
 Parameters:    Size  Location     Type
		None
 Auto vars:     Size  Location     Type
		None
 Return value:  Size  Location     Type
		None               void
 Registers used:
		wreg, tblptrl, tblptrh, tblptru
 Tracked objects:
		On entry : 
		On exit  : 
		Unchanged: 
 Data sizes:     COMRAM   BANK0   BANK1   BANK2   BANK3   BANK4   BANK5   BANK6   BANK7   BANK8   BANK9  BANK10  BANK11  BANK12  BANK13  BANK14  BANK15
      Params:         0       0       0       0       0       0       0       0       0       0       0       0       0       0       0       0       0
      Locals:         0       0       0       0       0       0       0       0       0       0       0       0       0       0       0       0       0
      Temps:          1       0       0       0       0       0       0       0       0       0       0       0       0       0       0       0       0
      Totals:         1       0       0       0       0       0       0       0       0       0       0       0       0       0       0       0       0
Total ram usage:        1 bytes
 Hardware stack levels used:    1
 This function calls:
		Nothing
 This function is called by:
		_main
		_writeLCD_number
		_aff_lcd
		_aff_lcd_clav
		_writeLCD
 This function uses a non-reentrant model


 *************** function _reset_timer *****************
 Defined at:
		line 35 in file "timer.c"
 Parameters:    Size  Location     Type
		None
 Auto vars:     Size  Location     Type
		None
 Return value:  Size  Location     Type
		None               void
 Registers used:
		wreg, status,2
 Tracked objects:
		On entry : 
		On exit  : 
		Unchanged: 
 Data sizes:     COMRAM   BANK0   BANK1   BANK2   BANK3   BANK4   BANK5   BANK6   BANK7   BANK8   BANK9  BANK10  BANK11  BANK12  BANK13  BANK14  BANK15
      Params:         0       0       0       0       0       0       0       0       0       0       0       0       0       0       0       0       0
      Locals:         0       0       0       0       0       0       0       0       0       0       0       0       0       0       0       0       0
      Temps:          0       0       0       0       0       0       0       0       0       0       0       0       0       0       0       0       0
      Totals:         0       0       0       0       0       0       0       0       0       0       0       0       0       0       0       0       0
Total ram usage:        0 bytes
 Hardware stack levels used:    1
 This function calls:
		Nothing
 This function is called by:
		_main
 This function uses a non-reentrant model


 *************** function ___awdiv *****************
 Defined at:
		line 10 in file "/opt/microchip/xc8/v1.12/sources/awdiv.c"
 Parameters:    Size  Location     Type
  dividend        2    0[COMRAM] int 
  divisor         2    2[COMRAM] int 
 Auto vars:     Size  Location     Type
  quotient        2    7[COMRAM] int 
  sign            1    6[COMRAM] unsigned char 
  counter         1    5[COMRAM] unsigned char 
 Return value:  Size  Location     Type
                  2    0[COMRAM] int 
 Registers used:
		wreg, status,2, status,0
 Tracked objects:
		On entry : 
		On exit  : 
		Unchanged: 
 Data sizes:     COMRAM   BANK0   BANK1   BANK2   BANK3   BANK4   BANK5   BANK6   BANK7   BANK8   BANK9  BANK10  BANK11  BANK12  BANK13  BANK14  BANK15
      Params:         4       0       0       0       0       0       0       0       0       0       0       0       0       0       0       0       0
      Locals:         4       0       0       0       0       0       0       0       0       0       0       0       0       0       0       0       0
      Temps:          1       0       0       0       0       0       0       0       0       0       0       0       0       0       0       0       0
      Totals:         9       0       0       0       0       0       0       0       0       0       0       0       0       0       0       0       0
Total ram usage:        9 bytes
 Hardware stack levels used:    1
 This function calls:
		Nothing
 This function is called by:
		_writeLCD_number
		_conversion_echelle
 This function uses a non-reentrant model


 *************** function ___awmod *****************
 Defined at:
		line 10 in file "/opt/microchip/xc8/v1.12/sources/awmod.c"
 Parameters:    Size  Location     Type
  dividend        2    0[COMRAM] int 
  divisor         2    2[COMRAM] int 
 Auto vars:     Size  Location     Type
  sign            1    6[COMRAM] unsigned char 
  counter         1    5[COMRAM] unsigned char 
 Return value:  Size  Location     Type
                  2    0[COMRAM] int 
 Registers used:
		wreg, status,2, status,0
 Tracked objects:
		On entry : 
		On exit  : 
		Unchanged: 
 Data sizes:     COMRAM   BANK0   BANK1   BANK2   BANK3   BANK4   BANK5   BANK6   BANK7   BANK8   BANK9  BANK10  BANK11  BANK12  BANK13  BANK14  BANK15
      Params:         4       0       0       0       0       0       0       0       0       0       0       0       0       0       0       0       0
      Locals:         2       0       0       0       0       0       0       0       0       0       0       0       0       0       0       0       0
      Temps:          1       0       0       0       0       0       0       0       0       0       0       0       0       0       0       0       0
      Totals:         7       0       0       0       0       0       0       0       0       0       0       0       0       0       0       0       0
Total ram usage:        7 bytes
 Hardware stack levels used:    1
 This function calls:
		Nothing
 This function is called by:
		_writeLCD_number
 This function uses a non-reentrant model



MODULE INFORMATION

Module		Function		Class		Link	Load	Size
timer.c
		_start_timer   		CODE           	1FB72	0000	4
		_init_timer    		CODE           	1FB8E	0000	22
		_reset_timer   		CODE           	1FB76	0000	6
		_lecture_timer 		CODE           	1FB7C	0000	8
		_stop_timer    		CODE           	1FB6E	0000	4

timer.c estimated size: 44

fonction.c
		_Init          		CODE           	1FBC6	0000	68

fonction.c estimated size: 68

shared
		__initializatio		CODE           	1FB84	0000	4

shared estimated size: 4

main.c
		_main          		CODE           	1FC0A	0000	136

main.c estimated size: 136

/opt/microchip/xc8/v1.12/sources/awmod.c
		___awmod       		CODE           	1FC92	0000	168

/opt/microchip/xc8/v1.12/sources/awmod.c estimated size: 168

/opt/microchip/xc8/v1.12/sources/awdiv.c
		___awdiv       		CODE           	1FD3A	0000	188

/opt/microchip/xc8/v1.12/sources/awdiv.c estimated size: 188

LCD.c
		_acq           		CODE           	1FBA4	0000	34
		_writeLCD_numbe		CODE           	1FDF6	0000	202
		_init_aff_lcd  		CODE           	1FEC0	0000	320

LCD.c estimated size: 556

